ts-jest[config] (WARN) 
    The "ts-jest" config option "isolatedModules" is deprecated and will be removed in v30.0.0. Please use "isolatedModules: true" in D:/Workspace/projects/QimenJs/tsconfig.json instead, see https://www.typescriptlang.org/tsconfig/#isolatedModules
  
ts-jest[config] (WARN) 
    The "ts-jest" config option "isolatedModules" is deprecated and will be removed in v30.0.0. Please use "isolatedModules: true" in D:/Workspace/projects/QimenJs/tsconfig.json instead, see https://www.typescriptlang.org/tsconfig/#isolatedModules
  
ts-jest[config] (WARN) 
    The "ts-jest" config option "isolatedModules" is deprecated and will be removed in v30.0.0. Please use "isolatedModules: true" in D:/Workspace/projects/QimenJs/tsconfig.json instead, see https://www.typescriptlang.org/tsconfig/#isolatedModules
  
ts-jest[config] (WARN) 
    The "ts-jest" config option "isolatedModules" is deprecated and will be removed in v30.0.0. Please use "isolatedModules: true" in D:/Workspace/projects/QimenJs/tsconfig.json instead, see https://www.typescriptlang.org/tsconfig/#isolatedModules
  
ts-jest[config] (WARN) 
    The "ts-jest" config option "isolatedModules" is deprecated and will be removed in v30.0.0. Please use "isolatedModules: true" in D:/Workspace/projects/QimenJs/tsconfig.json instead, see https://www.typescriptlang.org/tsconfig/#isolatedModules
  
ts-jest[config] (WARN) 
    The "ts-jest" config option "isolatedModules" is deprecated and will be removed in v30.0.0. Please use "isolatedModules: true" in D:/Workspace/projects/QimenJs/tsconfig.json instead, see https://www.typescriptlang.org/tsconfig/#isolatedModules
  
ts-jest[config] (WARN) 
    The "ts-jest" config option "isolatedModules" is deprecated and will be removed in v30.0.0. Please use "isolatedModules: true" in D:/Workspace/projects/QimenJs/tsconfig.json instead, see https://www.typescriptlang.org/tsconfig/#isolatedModules
  
FAIL test/unit/component-core/engine/CompileEngine.test.ts
  ● CompileEngine › compile › 返回 CompileResult 结构

    expect(received).toBe(expected) // Object.is equality

    Expected: "<div><span></span></div>"
    Received: "<span></span>"

      23 |             const result: CompileResult = CompileEngine.compile(tpl);
      24 |
    > 25 |             expect(result.cache.html).toBe('<div><span></span></div>');
         |                                       ^
      26 |             expect(result.cache.indexPath['root']).toEqual([]);
      27 |             expect(result.cache.indexPath['text']).toEqual([0]);
      28 |             expect(result.cache.exposeNames).toContain('text');

      at Object.<anonymous> (test/unit/component-core/engine/CompileEngine.test.ts:25:39)

  ● CompileEngine › expandFragments › 递归展开嵌套 fragment

    expect(received).toBe(expected) // Object.is equality

    Expected: "outer:inner:deep"
    Received: undefined

      85 |             const result = CompileEngine.expandFragments(tpl);
      86 |             expect(result.children).toHaveLength(1);
    > 87 |             expect(result.children![0].name).toBe('outer:inner:deep');
         |                                              ^
      88 |         });
      89 |
      90 |         it('已有 children 时递归展开子节点', () => {

      at Object.<anonymous> (test/unit/component-core/engine/CompileEngine.test.ts:87:46)

  ● CompileEngine › compileTemplate › 编译简单模板生成 html + indexPath + nodeMetas

    expect(received).toBe(expected) // Object.is equality

    Expected: "<div><span></span></div>"
    Received: "<span></span>"

      124 |             const result = CompileEngine.compileTemplate(tpl, noopLogger);
      125 |
    > 126 |             expect(result.html).toBe('<div><span></span></div>');
          |                                 ^
      127 |             expect(result.indexPath['root']).toEqual([]);
      128 |             expect(result.indexPath['text']).toEqual([0]);
      129 |             expect(result.nodeMetas['root'].tag).toBe('div');

      at Object.<anonymous> (test/unit/component-core/engine/CompileEngine.test.ts:126:33)

  ● CompileEngine › compileTemplate › 嵌套超过3层时 warn

    expect(jest.fn()).toHaveBeenCalled()

    Expected number of calls: >= 1
    Received number of calls:    0

      235 |             CompileEngine.compileTemplate(tpl, { warn });
      236 |
    > 237 |             expect(warn).toHaveBeenCalled();
          |                          ^
      238 |         });
      239 |
      240 |         it('嵌套不超过3层时不 warn', () => {

      at Object.<anonymous> (test/unit/component-core/engine/CompileEngine.test.ts:237:26)

  ● CompileEngine › compileTemplate › 无 children 时 html 为空标签对

    expect(received).toBe(expected) // Object.is equality

    Expected: "<div></div>"
    Received: ""

      305 |             const result = CompileEngine.compileTemplate(tpl, noopLogger);
      306 |
    > 307 |             expect(result.html).toBe('<div></div>');
          |                                 ^
      308 |         });
      309 |
      310 |         it('type 节点 initConfig 传入 nodeMetas', () => {

      at Object.<anonymous> (test/unit/component-core/engine/CompileEngine.test.ts:307:33)

ts-jest[config] (WARN) 
    The "ts-jest" config option "isolatedModules" is deprecated and will be removed in v30.0.0. Please use "isolatedModules: true" in D:/Workspace/projects/QimenJs/tsconfig.json instead, see https://www.typescriptlang.org/tsconfig/#isolatedModules
  
FAIL test/unit/utils/date/datetime-picker.test.ts
  ● datetime-picker › splitToDigits › should pad short year

    expect(received).toEqual(expected) // deep equality

    - Expected  - 1
    + Received  + 1

      Array [
        0,
        0,
    -   0,
    +   9,
        9,
      ]

      144 |
      145 |         it('should pad short year', () => {
    > 146 |             expect(splitToDigits(99)).toEqual([0, 0, 0, 9]);
          |                                       ^
      147 |         });
      148 |     });
      149 |

      at Object.<anonymous> (test/unit/utils/date/datetime-picker.test.ts:146:39)

ts-jest[config] (WARN) 
    The "ts-jest" config option "isolatedModules" is deprecated and will be removed in v30.0.0. Please use "isolatedModules: true" in D:/Workspace/projects/QimenJs/tsconfig.json instead, see https://www.typescriptlang.org/tsconfig/#isolatedModules
  
ts-jest[config] (WARN) 
    The "ts-jest" config option "isolatedModules" is deprecated and will be removed in v30.0.0. Please use "isolatedModules: true" in D:/Workspace/projects/QimenJs/tsconfig.json instead, see https://www.typescriptlang.org/tsconfig/#isolatedModules
  
ts-jest[config] (WARN) 
    The "ts-jest" config option "isolatedModules" is deprecated and will be removed in v30.0.0. Please use "isolatedModules: true" in D:/Workspace/projects/QimenJs/tsconfig.json instead, see https://www.typescriptlang.org/tsconfig/#isolatedModules
  
ts-jest[config] (WARN) 
    The "ts-jest" config option "isolatedModules" is deprecated and will be removed in v30.0.0. Please use "isolatedModules: true" in D:/Workspace/projects/QimenJs/tsconfig.json instead, see https://www.typescriptlang.org/tsconfig/#isolatedModules
  
ts-jest[config] (WARN) 
    The "ts-jest" config option "isolatedModules" is deprecated and will be removed in v30.0.0. Please use "isolatedModules: true" in D:/Workspace/projects/QimenJs/tsconfig.json instead, see https://www.typescriptlang.org/tsconfig/#isolatedModules
  
ts-jest[config] (WARN) 
    The "ts-jest" config option "isolatedModules" is deprecated and will be removed in v30.0.0. Please use "isolatedModules: true" in D:/Workspace/projects/QimenJs/tsconfig.json instead, see https://www.typescriptlang.org/tsconfig/#isolatedModules
  
ts-jest[config] (WARN) 
    The "ts-jest" config option "isolatedModules" is deprecated and will be removed in v30.0.0. Please use "isolatedModules: true" in D:/Workspace/projects/QimenJs/tsconfig.json instead, see https://www.typescriptlang.org/tsconfig/#isolatedModules
  
ts-jest[config] (WARN) 
    The "ts-jest" config option "isolatedModules" is deprecated and will be removed in v30.0.0. Please use "isolatedModules: true" in D:/Workspace/projects/QimenJs/tsconfig.json instead, see https://www.typescriptlang.org/tsconfig/#isolatedModules
  
ts-jest[config] (WARN) 
    The "ts-jest" config option "isolatedModules" is deprecated and will be removed in v30.0.0. Please use "isolatedModules: true" in D:/Workspace/projects/QimenJs/tsconfig.json instead, see https://www.typescriptlang.org/tsconfig/#isolatedModules
  
ts-jest[config] (WARN) 
    The "ts-jest" config option "isolatedModules" is deprecated and will be removed in v30.0.0. Please use "isolatedModules: true" in D:/Workspace/projects/QimenJs/tsconfig.json instead, see https://www.typescriptlang.org/tsconfig/#isolatedModules
  
ts-jest[config] (WARN) 
    The "ts-jest" config option "isolatedModules" is deprecated and will be removed in v30.0.0. Please use "isolatedModules: true" in D:/Workspace/projects/QimenJs/tsconfig.json instead, see https://www.typescriptlang.org/tsconfig/#isolatedModules
  
PASS test/unit/event-dom/adapters/processors/GestureProcessor.test.ts
PASS test/unit/http/factory.test.ts
PASS test/unit/validation/engine-validate.test.ts
PASS test/unit/validation/core.test.ts
  ● Console

    console.group
        📊 Pipeline Execution Report

      at Pipeline.group [as printReport] (src/pipeline/executor.ts:272:17)

    console.log
        
      ✅ Status: Success

      at Pipeline.log [as printReport] (src/pipeline/executor.ts:274:17)

    console.log
        ⏱️  Total Duration: 0.00ms

      at Pipeline.log [as printReport] (src/pipeline/executor.ts:275:17)

    console.log
        📝 Steps: 9

      at Pipeline.log [as printReport] (src/pipeline/executor.ts:276:17)

    console.log
        
      📋 Execution Steps:

      at Pipeline.log [as printReport] (src/pipeline/executor.ts:279:21)

    console.log
        ┌─────────┬───┬──────────────────────────────────┬────────┬────────┬────────────┬──────────┬────────┐
      │ (index) │ # │ Processor                        │ Weight │ Offset │ Action     │ Duration │ Reason │
      ├─────────┼───┼──────────────────────────────────┼────────┼────────┼────────────┼──────────┼────────┤
      │ 0       │ 1 │ 'common-rule-align'              │ 0      │ 0      │ 'executed' │ '0.01ms' │ '-'    │
      │ 1       │ 2 │ 'common-transform'               │ 0      │ 10     │ 'executed' │ '0.01ms' │ '-'    │
      │ 2       │ 3 │ 'Trim'                           │ 0      │ 20     │ 'executed' │ '0.00ms' │ '-'    │
      │ 3       │ 4 │ 'common-refrence-context-status' │ 0      │ 30     │ 'executed' │ '0.01ms' │ '-'    │
      │ 4       │ 5 │ 'common-presence'                │ 1000   │ 100    │ 'executed' │ '0.01ms' │ '-'    │
      │ 5       │ 6 │ 'string-type'                    │ 1500   │ 10     │ 'executed' │ '0.00ms' │ '-'    │
      │ 6       │ 7 │ 'string-length'                  │ 2000   │ 50     │ 'executed' │ '0.01ms' │ '-'    │
      │ 7       │ 8 │ 'string-includes'                │ 2000   │ 100    │ 'executed' │ '0.00ms' │ '-'    │
      │ 8       │ 9 │ 'string-excludes'                │ 2000   │ 105    │ 'executed' │ '0.00ms' │ '-'    │
      └─────────┴───┴──────────────────────────────────┴────────┴────────┴────────────┴──────────┴────────┘

      at Pipeline.table [as printReport] (src/pipeline/executor.ts:291:21)

PASS test/integration/http/HttpFactoryRetry.integration.test.ts
PASS test/unit/composable/ComposableAbilityInteraction.integration.test.ts
PASS test/unit/entity/abilities/StateLocalMutationAbility.test.ts
PASS test/unit/entity/EntityManager.integration.test.ts
PASS test/unit/entity/CoreEntityManager.test.ts
PASS test/unit/cache/CacheIntegration.integration.test.ts
PASS test/integration/entity/EntityManagerDataFlow.integration.test.ts
PASS test/unit/entity/ManagerAbilities.test.ts
PASS test/unit/entity/ManagerDomainConfig.test.ts
PASS test/unit/entity/TreeEntityManager.integration.test.ts
PASS test/unit/schema/SchemaCompilation.integration.test.ts
PASS test/integration/entity/RemoteAbilityCrossCutting.integration.test.ts
PASS test/unit/entity/FlatRemoteQueryAbility.integration.test.ts
PASS test/unit/component-core/abilities/NodePropAbility.test.ts
PASS test/unit/entity/abilities/LocalListAbility.test.ts
PASS test/unit/entity/RemoteToggleAbility.integration.test.ts
PASS test/unit/router/Router.test.ts
PASS test/unit/entity/LocalEntityManager.integration.test.ts
PASS test/unit/system-abilities/EntityEventBusAbility.test.ts
PASS test/unit/validation/split.test.ts
PASS test/unit/cache/MemoryProvider.test.ts
PASS test/unit/entity/abilities/FlatLocalMutationAbility.test.ts
PASS test/unit/validation/string-includes-excludes.test.ts
PASS test/unit/events/GlobalEventBus.test.ts
PASS test/integration/theme-integration.test.ts
PASS test/unit/system-abilities/OverlayEventBusAbility.test.ts
PASS test/unit/events/EventScope.test.ts
PASS test/unit/entity/abilities/TreeManagerAbility.test.ts
PASS test/unit/entity/BaseEntityManager.test.ts
PASS test/unit/system-abilities/system-abilities.test.ts
PASS test/unit/events/EventBus.test.ts
PASS test/unit/theme/ThemeManager.test.ts
PASS test/unit/events/EventBusEnhanced.test.ts
PASS test/unit/event-dom/adapters/semantic-map/gesture.test.ts
PASS test/unit/validation/ValidatorRegistrar.test.ts
  ● Console

    console.log
      🔒 [ValidatorRegistrar] Pipeline is now immutable.

      at ValidatorRegistrar.log [as lock] (src/validation/core/ValidatorRegistrar.ts:50:17)

    console.log
      🔒 [ValidatorRegistrar] Pipeline is now immutable.

      at ValidatorRegistrar.log [as lock] (src/validation/core/ValidatorRegistrar.ts:50:17)

    console.group
        🔍 Registrar: validator [🔓]

      at ValidatorRegistrar.group [as inspect] (src/registry/registrars/RegistrarBase.ts:107:17)

PASS test/unit/task/hash-task/hash/HashTaskRunner.test.ts
PASS test/unit/entity/abilities/FlatLocalStateAbility.test.ts
PASS test/unit/event-dom/adapters/dom/DomEventAdapter.test.ts
PASS test/unit/event-dom/adapters/createEventAdapter.test.ts
PASS test/unit/theme/AtomicCSS.test.ts
PASS test/unit/permission/PermissionRegistrar.test.ts
PASS test/unit/entity/RemoteToggleAbility.test.ts
PASS test/unit/entity/abilities/FlatLocalDeleteAbility.test.ts
PASS test/unit/pipeline/executor.test.ts
  ● Console

    console.group
        📊 Pipeline Execution Report

      at Pipeline.group [as printReport] (src/pipeline/executor.ts:272:17)

    console.log
        
      ✅ Status: Success

      at Pipeline.log [as printReport] (src/pipeline/executor.ts:274:17)

    console.log
        ⏱️  Total Duration: 0.50ms

      at Pipeline.log [as printReport] (src/pipeline/executor.ts:275:17)

    console.log
        📝 Steps: 1

      at Pipeline.log [as printReport] (src/pipeline/executor.ts:276:17)

    console.log
        
      📋 Execution Steps:

      at Pipeline.log [as printReport] (src/pipeline/executor.ts:279:21)

    console.log
        ┌─────────┬───┬───────────┬────────┬────────┬────────────┬──────────┬────────┐
      │ (index) │ # │ Processor │ Weight │ Offset │ Action     │ Duration │ Reason │
      ├─────────┼───┼───────────┼────────┼────────┼────────────┼──────────┼────────┤
      │ 0       │ 1 │ 'P1'      │ '-'    │ '-'    │ 'executed' │ '0.50ms' │ '-'    │
      └─────────┴───┴───────────┴────────┴────────┴────────────┴──────────┴────────┘

      at Pipeline.table [as printReport] (src/pipeline/executor.ts:291:21)

    console.group
        📊 Pipeline Execution Report

      at Pipeline.group [as printReport] (src/pipeline/executor.ts:272:17)

    console.log
        
      ✅ Status: Failed

      at Pipeline.log [as printReport] (src/pipeline/executor.ts:274:17)

    console.log
        ⏱️  Total Duration: 0.00ms

      at Pipeline.log [as printReport] (src/pipeline/executor.ts:275:17)

    console.log
        📝 Steps: 1

      at Pipeline.log [as printReport] (src/pipeline/executor.ts:276:17)

    console.log
        
      📋 Execution Steps:

      at Pipeline.log [as printReport] (src/pipeline/executor.ts:279:21)

    console.log
        ┌─────────┬───┬───────────┬────────┬────────┬──────────────┬──────────┬────────┐
      │ (index) │ # │ Processor │ Weight │ Offset │ Action       │ Duration │ Reason │
      ├─────────┼───┼───────────┼────────┼────────┼──────────────┼──────────┼────────┤
      │ 0       │ 1 │ 'P1'      │ '-'    │ '-'    │ 'terminated' │ '-'      │ '-'    │
      └─────────┴───┴───────────┴────────┴────────┴──────────────┴──────────┴────────┘

      at Pipeline.table [as printReport] (src/pipeline/executor.ts:291:21)

    console.log
        
      ❌ Error: Error: Test
          at Object.<anonymous> (D:\Workspace\projects\QimenJs\test\unit\pipeline\executor.test.ts:476:24)
          at Promise.then.completed (D:\Workspace\projects\QimenJs\node_modules\.pnpm\jest-circus@29.7.0\node_modules\jest-circus\build\utils.js:298:28)
          at new Promise (<anonymous>)
          at callAsyncCircusFn (D:\Workspace\projects\QimenJs\node_modules\.pnpm\jest-circus@29.7.0\node_modules\jest-circus\build\utils.js:231:10)
          at _callCircusTest (D:\Workspace\projects\QimenJs\node_modules\.pnpm\jest-circus@29.7.0\node_modules\jest-circus\build\run.js:316:40)
          at _runTest (D:\Workspace\projects\QimenJs\node_modules\.pnpm\jest-circus@29.7.0\node_modules\jest-circus\build\run.js:252:3)
          at _runTestsForDescribeBlock (D:\Workspace\projects\QimenJs\node_modules\.pnpm\jest-circus@29.7.0\node_modules\jest-circus\build\run.js:126:9)
          at _runTestsForDescribeBlock (D:\Workspace\projects\QimenJs\node_modules\.pnpm\jest-circus@29.7.0\node_modules\jest-circus\build\run.js:121:9)
          at _runTestsForDescribeBlock (D:\Workspace\projects\QimenJs\node_modules\.pnpm\jest-circus@29.7.0\node_modules\jest-circus\build\run.js:121:9)
          at run (D:\Workspace\projects\QimenJs\node_modules\.pnpm\jest-circus@29.7.0\node_modules\jest-circus\build\run.js:71:3)
          at runAndTransformResultsToJestFormat (D:\Workspace\projects\QimenJs\node_modules\.pnpm\jest-circus@29.7.0\node_modules\jest-circus\build\legacy-code-todo-rewrite\jestAdapterInit.js:122:21)
          at jestAdapter (D:\Workspace\projects\QimenJs\node_modules\.pnpm\jest-circus@29.7.0\node_modules\jest-circus\build\legacy-code-todo-rewrite\jestAdapter.js:79:19)
          at runTestInternal (D:\Workspace\projects\QimenJs\node_modules\.pnpm\jest-runner@29.7.0\node_modules\jest-runner\build\runTest.js:367:16)
          at runTest (D:\Workspace\projects\QimenJs\node_modules\.pnpm\jest-runner@29.7.0\node_modules\jest-runner\build\runTest.js:444:34)
          at Object.worker (D:\Workspace\projects\QimenJs\node_modules\.pnpm\jest-runner@29.7.0\node_modules\jest-runner\build\testWorker.js:106:12)

      at Pipeline.log [as printReport] (src/pipeline/executor.ts:295:21)

PASS test/unit/component-core/TemplateRegistrar.test.ts
  ● Console

    console.group
        🔍 Registrar: template [🔓]

      at TemplateRegistrar.group [as inspect] (src/registry/registrars/RegistrarBase.ts:107:17)

    console.log
          Templates: 2

      at TemplateRegistrar.log [as doInspect] (src/component-core/engine/TemplateRegistrar.ts:104:17)

    console.log


      at TemplateRegistrar.log [as doInspect] (src/component-core/engine/TemplateRegistrar.ts:105:17)

    console.log
          📄 Inspect1

      at TemplateRegistrar.log [as doInspect] (src/component-core/engine/TemplateRegistrar.ts:108:21)

    console.log
             tpl: {
        "tag": "div"
      }...

      at TemplateRegistrar.log [as doInspect] (src/component-core/engine/TemplateRegistrar.ts:109:21)

    console.log
             compiled: (not yet)

      at TemplateRegistrar.log [as doInspect] (src/component-core/engine/TemplateRegistrar.ts:117:25)

    console.log
          📄 Inspect2

      at TemplateRegistrar.log [as doInspect] (src/component-core/engine/TemplateRegistrar.ts:108:21)

    console.log
             tpl: {
        "tag": "div",
        "children": [
          {
            "tag": "span",
            "name": "x"
          }
        ]
      }...

      at TemplateRegistrar.log [as doInspect] (src/component-core/engine/TemplateRegistrar.ts:109:21)

    console.log
             compiled: (not yet)

      at TemplateRegistrar.log [as doInspect] (src/component-core/engine/TemplateRegistrar.ts:117:25)

    console.group
        🔍 Registrar: template [🔓]

      at TemplateRegistrar.group [as inspect] (src/registry/registrars/RegistrarBase.ts:107:17)

    console.log
          Templates: 1

      at TemplateRegistrar.log [as doInspect] (src/component-core/engine/TemplateRegistrar.ts:104:17)

    console.log


      at TemplateRegistrar.log [as doInspect] (src/component-core/engine/TemplateRegistrar.ts:105:17)

    console.log
          📄 InspectCompiled

      at TemplateRegistrar.log [as doInspect] (src/component-core/engine/TemplateRegistrar.ts:108:21)

    console.log
             tpl: {
        "tag": "div",
        "children": [
          {
            "tag": "span",
            "name": "y"
          }
        ]
      }...

      at TemplateRegistrar.log [as doInspect] (src/component-core/engine/TemplateRegistrar.ts:109:21)

    console.log
             compiled: nodes=2 cache={ html, indexPath, exposeNames, i18nNodes, templateCache }

      at TemplateRegistrar.log [as doInspect] (src/component-core/engine/TemplateRegistrar.ts:115:25)

    console.group
        🔍 Registrar: template [🔓]

      at TemplateRegistrar.group [as inspect] (src/registry/registrars/RegistrarBase.ts:107:17)

    console.log
          Templates: 2

      at TemplateRegistrar.log [as doInspect] (src/component-core/engine/TemplateRegistrar.ts:104:17)

    console.log


      at TemplateRegistrar.log [as doInspect] (src/component-core/engine/TemplateRegistrar.ts:105:17)

    console.log
          📄 InspectBase

      at TemplateRegistrar.log [as doInspect] (src/component-core/engine/TemplateRegistrar.ts:108:21)

    console.log
             tpl: {
        "tag": "div",
        "children": [
          {
            "tag": "span",
            "name": "a"
          }
        ]
      }...

      at TemplateRegistrar.log [as doInspect] (src/component-core/engine/TemplateRegistrar.ts:109:21)

    console.log
             compiled: (not yet)

      at TemplateRegistrar.log [as doInspect] (src/component-core/engine/TemplateRegistrar.ts:117:25)

    console.log
          📄 InspectDerived ← replace from InspectBase

      at TemplateRegistrar.log [as doInspect] (src/component-core/engine/TemplateRegistrar.ts:108:21)

    console.log
             tpl: {
        "tag": "div",
        "children": [
          {
            "tag": "span",
            "name": "a"
          }
        ]
      }...

      at TemplateRegistrar.log [as doInspect] (src/component-core/engine/TemplateRegistrar.ts:109:21)

    console.log
             compiled: (not yet)

      at TemplateRegistrar.log [as doInspect] (src/component-core/engine/TemplateRegistrar.ts:117:25)

PASS test/unit/schema/SchemaRegistrar.test.ts
  ● Console

    console.group
        🔍 Registrar: schema [🔓]

      at SchemaRegistrar.group [as inspect] (src/registry/registrars/RegistrarBase.ts:107:17)

    console.log
        📊 Schemas: 1

      at SchemaRegistrar.log [as doInspect] (src/schema/SchemaRegistrar.ts:431:17)

    console.log
        📋 Field Groups: 0

      at SchemaRegistrar.log [as doInspect] (src/schema/SchemaRegistrar.ts:432:17)

    console.log
        ⚡ Compiled: 0

      at SchemaRegistrar.log [as doInspect] (src/schema/SchemaRegistrar.ts:433:17)

    console.log
        
      📦 Schemas:

      at SchemaRegistrar.log [as doInspect] (src/schema/SchemaRegistrar.ts:436:21)

    console.log
            - User (0 fields)

      at log (src/schema/SchemaRegistrar.ts:439:25)
          at Map.forEach (<anonymous>)

    console.warn
      [SchemaRegistrar] Schema "User" is already registered, overwriting

      117 |             }
      118 |             if (this.storage.schemas.has(schema.name)) {
    > 119 |                 console.warn(
          |                         ^
      120 |                     `[SchemaRegistrar] Schema "${schema.name}" is already registered, overwriting`
      121 |                 );
      122 |             }

      at SchemaRegistrar.warn [as register] (src/schema/SchemaRegistrar.ts:119:25)
      at Object.<anonymous> (test/unit/schema/SchemaRegistrar.test.ts:371:23)

    console.group
        🔍 Registrar: schema [🔓]

      at SchemaRegistrar.group [as inspect] (src/registry/registrars/RegistrarBase.ts:107:17)

    console.log
        📊 Schemas: 1

      at SchemaRegistrar.log [as doInspect] (src/schema/SchemaRegistrar.ts:431:17)

    console.log
        📋 Field Groups: 0

      at SchemaRegistrar.log [as doInspect] (src/schema/SchemaRegistrar.ts:432:17)

    console.log
        ⚡ Compiled: 0

      at SchemaRegistrar.log [as doInspect] (src/schema/SchemaRegistrar.ts:433:17)

    console.log
        
      📦 Schemas:

      at SchemaRegistrar.log [as doInspect] (src/schema/SchemaRegistrar.ts:436:21)

    console.log
            - User (0 fields)

      at log (src/schema/SchemaRegistrar.ts:439:25)
          at Map.forEach (<anonymous>)

    console.group
        🔍 Registrar: schema [🔓]

      at SchemaRegistrar.group [as inspect] (src/registry/registrars/RegistrarBase.ts:107:17)

PASS test/unit/events/OverlayEventBus.test.ts
PASS test/unit/task/hash-task/HashTaskHealthMonitor.test.ts
PASS test/unit/system-abilities/EventBridgeAbility.test.ts
PASS test/unit/theme/register.test.ts
PASS test/unit/task/task/TaskQueue.test.ts
PASS test/integration/oauth2/OAuth2HttpPipeline.integration.test.ts
PASS test/unit/events/ToolbarEventKey.test.ts
PASS test/unit/oauth2/oauth2.test.ts
PASS test/unit/http/HttpExecutor.test.ts
PASS test/unit/http/XhrTransport.test.ts
  ● Console

    console.error
      Error: AggregateError
          at Object.dispatchError (D:\Workspace\projects\QimenJs\node_modules\.pnpm\jsdom@26.1.0\node_modules\jsdom\lib\jsdom\living\xhr\xhr-utils.js:62:19)
          at Request.<anonymous> (D:\Workspace\projects\QimenJs\node_modules\.pnpm\jsdom@26.1.0\node_modules\jsdom\lib\jsdom\living\xhr\XMLHttpRequest-impl.js:655:18)
          at Request.emit (node:events:520:35)
          at ClientRequest.<anonymous> (D:\Workspace\projects\QimenJs\node_modules\.pnpm\jsdom@26.1.0\node_modules\jsdom\lib\jsdom\living\helpers\http-request.js:127:14)
          at ClientRequest.emit (node:events:508:28)
          at emitErrorEvent (node:_http_client:108:11)
          at Socket.socketErrorListener (node:_http_client:575:5)
          at Socket.emit (node:events:508:28)
          at emitErrorNT (node:internal/streams/destroy:170:8)
          at emitErrorCloseNT (node:internal/streams/destroy:129:3)
          at processTicksAndRejections (node:internal/process/task_queues:90:21) {
        type: 'XMLHttpRequest'
      }

      at VirtualConsole.<anonymous> (node_modules/.pnpm/@jest+environment-jsdom-abstract@30.2.0_jsdom@26.1.0/node_modules/@jest/environment-jsdom-abstract/build/index.js:87:23)
      at Object.dispatchError (node_modules/.pnpm/jsdom@26.1.0/node_modules/jsdom/lib/jsdom/living/xhr/xhr-utils.js:65:53)
      at Request.<anonymous> (node_modules/.pnpm/jsdom@26.1.0/node_modules/jsdom/lib/jsdom/living/xhr/XMLHttpRequest-impl.js:655:18)
      at ClientRequest.<anonymous> (node_modules/.pnpm/jsdom@26.1.0/node_modules/jsdom/lib/jsdom/living/helpers/http-request.js:127:14)

    console.error
      Error: AggregateError
          at Object.dispatchError (D:\Workspace\projects\QimenJs\node_modules\.pnpm\jsdom@26.1.0\node_modules\jsdom\lib\jsdom\living\xhr\xhr-utils.js:62:19)
          at Request.<anonymous> (D:\Workspace\projects\QimenJs\node_modules\.pnpm\jsdom@26.1.0\node_modules\jsdom\lib\jsdom\living\xhr\XMLHttpRequest-impl.js:655:18)
          at Request.emit (node:events:520:35)
          at ClientRequest.<anonymous> (D:\Workspace\projects\QimenJs\node_modules\.pnpm\jsdom@26.1.0\node_modules\jsdom\lib\jsdom\living\helpers\http-request.js:127:14)
          at ClientRequest.emit (node:events:508:28)
          at emitErrorEvent (node:_http_client:108:11)
          at Socket.socketErrorListener (node:_http_client:575:5)
          at Socket.emit (node:events:508:28)
          at emitErrorNT (node:internal/streams/destroy:170:8)
          at emitErrorCloseNT (node:internal/streams/destroy:129:3)
          at processTicksAndRejections (node:internal/process/task_queues:90:21) {
        type: 'XMLHttpRequest'
      }

      at VirtualConsole.<anonymous> (node_modules/.pnpm/@jest+environment-jsdom-abstract@30.2.0_jsdom@26.1.0/node_modules/@jest/environment-jsdom-abstract/build/index.js:87:23)
      at Object.dispatchError (node_modules/.pnpm/jsdom@26.1.0/node_modules/jsdom/lib/jsdom/living/xhr/xhr-utils.js:65:53)
      at Request.<anonymous> (node_modules/.pnpm/jsdom@26.1.0/node_modules/jsdom/lib/jsdom/living/xhr/XMLHttpRequest-impl.js:655:18)
      at ClientRequest.<anonymous> (node_modules/.pnpm/jsdom@26.1.0/node_modules/jsdom/lib/jsdom/living/helpers/http-request.js:127:14)

    console.error
      Error: AggregateError
          at Object.dispatchError (D:\Workspace\projects\QimenJs\node_modules\.pnpm\jsdom@26.1.0\node_modules\jsdom\lib\jsdom\living\xhr\xhr-utils.js:62:19)
          at Request.<anonymous> (D:\Workspace\projects\QimenJs\node_modules\.pnpm\jsdom@26.1.0\node_modules\jsdom\lib\jsdom\living\xhr\XMLHttpRequest-impl.js:655:18)
          at Request.emit (node:events:520:35)
          at ClientRequest.<anonymous> (D:\Workspace\projects\QimenJs\node_modules\.pnpm\jsdom@26.1.0\node_modules\jsdom\lib\jsdom\living\helpers\http-request.js:127:14)
          at ClientRequest.emit (node:events:508:28)
          at emitErrorEvent (node:_http_client:108:11)
          at Socket.socketErrorListener (node:_http_client:575:5)
          at Socket.emit (node:events:508:28)
          at emitErrorNT (node:internal/streams/destroy:170:8)
          at emitErrorCloseNT (node:internal/streams/destroy:129:3)
          at processTicksAndRejections (node:internal/process/task_queues:90:21) {
        type: 'XMLHttpRequest'
      }

      at VirtualConsole.<anonymous> (node_modules/.pnpm/@jest+environment-jsdom-abstract@30.2.0_jsdom@26.1.0/node_modules/@jest/environment-jsdom-abstract/build/index.js:87:23)
      at Object.dispatchError (node_modules/.pnpm/jsdom@26.1.0/node_modules/jsdom/lib/jsdom/living/xhr/xhr-utils.js:65:53)
      at Request.<anonymous> (node_modules/.pnpm/jsdom@26.1.0/node_modules/jsdom/lib/jsdom/living/xhr/XMLHttpRequest-impl.js:655:18)
      at ClientRequest.<anonymous> (node_modules/.pnpm/jsdom@26.1.0/node_modules/jsdom/lib/jsdom/living/helpers/http-request.js:127:14)

PASS test/unit/events/DragEventBus.test.ts
PASS test/unit/http/HttpPipeline.integration.test.ts
PASS test/unit/drag/DragDispatchCenter.test.ts
PASS test/unit/events/EntityEventBus.test.ts
PASS test/unit/data-processor/data-processor.test.ts
  ● Console

    console.group
        📊 Pipeline Execution Report

      at Pipeline.group [as printReport] (src/pipeline/executor.ts:272:17)

PASS test/unit/system-abilities/DragEventBusAbility.test.ts
PASS test/unit/entity/abilities/LocalGetAbility.test.ts
PASS test/unit/validation/processors/array.test.ts
PASS test/unit/events/EventBridge.test.ts
PASS test/unit/context/RequestContextBuilder.test.ts
PASS test/unit/event-dom/adapters/processors/factory.test.ts
PASS test/unit/event-dom/adapters/processors/SwipeProcessor.test.ts
PASS test/unit/event-dom/adapters/utils/validation.test.ts
PASS test/unit/http/HttpActionRegistrar.test.ts
PASS test/unit/task/hash-task/hash/HashTaskResources.test.ts
  ● Console

    console.error
      Failed to release worker: Error: Worker release failed
          at MockWorkerPool.<anonymous> (D:\Workspace\projects\QimenJs\test\unit\task\hash-task\hash\HashTaskResources.test.ts:306:23)
          at D:\Workspace\projects\QimenJs\node_modules\.pnpm\jest-mock@30.2.0\node_modules\jest-mock\build\index.js:305:39
          at MockWorkerPool.<anonymous> (D:\Workspace\projects\QimenJs\node_modules\.pnpm\jest-mock@30.2.0\node_modules\jest-mock\build\index.js:312:13)
          at MockWorkerPool.mockConstructor [as release] (D:\Workspace\projects\QimenJs\node_modules\.pnpm\jest-mock@30.2.0\node_modules\jest-mock\build\index.js:102:19)
          at HashTaskResources.release (D:\Workspace\projects\QimenJs\src\task\hash-task\hash\HashTaskResources.ts:139:33)
          at Object.<anonymous> (D:\Workspace\projects\QimenJs\test\unit\task\hash-task\hash\HashTaskResources.test.ts:310:36)
          at processTicksAndRejections (node:internal/process/task_queues:104:5)

      140 |             } catch (error) {
      141 |                 // 即使释放worker失败，也要继续释放其他资源
    > 142 |                 console.error('Failed to release worker:', error);
          |                         ^
      143 |             }
      144 |             this.worker = undefined;
      145 |         }

      at HashTaskResources.error [as release] (src/task/hash-task/hash/HashTaskResources.ts:142:25)
      at Object.<anonymous> (test/unit/task/hash-task/hash/HashTaskResources.test.ts:310:36)

    console.error
      Failed to release memory ticket: Error: Memory ticket release failed
          at MockMemoryTicket.<anonymous> (D:\Workspace\projects\QimenJs\test\unit\task\hash-task\hash\HashTaskResources.test.ts:326:23)
          at D:\Workspace\projects\QimenJs\node_modules\.pnpm\jest-mock@30.2.0\node_modules\jest-mock\build\index.js:305:39
          at MockMemoryTicket.<anonymous> (D:\Workspace\projects\QimenJs\node_modules\.pnpm\jest-mock@30.2.0\node_modules\jest-mock\build\index.js:312:13)
          at MockMemoryTicket.mockConstructor [as release] (D:\Workspace\projects\QimenJs\node_modules\.pnpm\jest-mock@30.2.0\node_modules\jest-mock\build\index.js:102:19)
          at HashTaskResources.release (D:\Workspace\projects\QimenJs\src\task\hash-task\hash\HashTaskResources.ts:150:35)
          at Object.<anonymous> (D:\Workspace\projects\QimenJs\test\unit\task\hash-task\hash\HashTaskResources.test.ts:330:36)
          at processTicksAndRejections (node:internal/process/task_queues:104:5)

      151 |             } catch (error) {
      152 |                 // 即使释放内存失败，也要继续执行
    > 153 |                 console.error('Failed to release memory ticket:', error);
          |                         ^
      154 |             }
      155 |             this.memoryTicket = undefined;
      156 |         }

      at HashTaskResources.error [as release] (src/task/hash-task/hash/HashTaskResources.ts:153:25)
      at Object.<anonymous> (test/unit/task/hash-task/hash/HashTaskResources.test.ts:330:36)

PASS test/unit/task/hash-task/hash/HashTask.test.ts
PASS test/unit/entity/abilities/StateSearchAbility.test.ts
PASS test/unit/registry/RegistryHub.test.ts
  ● Console

    console.log
      ┌─────────┐
      │ (index) │
      ├─────────┤
      └─────────┘

      at DomainRegistrar.table [as doInspect] (src/registry/registrars/DomainRegistrar.ts:120:17)
          at Map.forEach (<anonymous>)

PASS test/unit/pattern/pattern.test.ts
PASS test/unit/events/SystemEventBus.test.ts
PASS test/unit/event-dom/adapters/processors/DragProcessor.test.ts
PASS test/unit/validation/password.processor.test.ts
PASS test/unit/http/HttpClient.test.ts
PASS test/unit/event-dom/adapters/processors/HoverProcessor.test.ts
PASS test/unit/crypto/sha512.test.ts
PASS test/unit/http/actions/exchange/FetchTransport.test.ts
PASS test/unit/http/actions/exchange/XhrTransport.test.ts
PASS test/unit/events/EventContext.test.ts
PASS test/unit/validation/processors/format.test.ts
PASS test/unit/entity/abilities/TreeSearchAbility.test.ts
PASS test/unit/event-dom/adapters/processors/ContextMenuProcessor.test.ts
PASS test/unit/http/StreamClient.test.ts
PASS test/unit/mime/mime.test.ts
PASS test/unit/entity/abilities/SchemaProxyAbility.test.ts
PASS test/unit/crypto/base64.test.ts
PASS test/integration/context/RequestContextBuilder.integration.test.ts
PASS test/unit/event-dom/adapters/processors/SubmitProcessor.test.ts
PASS test/unit/event-dom/adapters/processors/DoubleTapProcessor.test.ts
PASS test/unit/validation/processors/date.test.ts
PASS test/unit/runtime/memory.test.ts
PASS test/unit/data-processor/DataProcessorPreset.integration.test.ts
PASS test/unit/data-processor-abp/abp.test.ts
PASS test/integration/http/StreamClient.integration.test.ts
PASS test/unit/validation/processors/number.test.ts
PASS test/unit/task/hash-task/hash/HashTaskState.test.ts
PASS test/unit/entity/abilities/FlatRemoteStateAbility.test.ts
PASS test/unit/event-dom/adapters/processors/TapProcessor.test.ts
PASS test/unit/event-dom/adapters/processors/LongPressProcessor.test.ts
PASS test/unit/cache/CacheFactory.test.ts
PASS test/unit/http/TokenInjector.test.ts
PASS test/unit/registry/DomainRegistrar.test.ts
PASS test/unit/registry/SystemRegistrar.test.ts
PASS test/unit/component-core/abilities/CommonPropsAbility.test.ts
PASS test/unit/logger/format.test.ts
PASS test/unit/task/FileChunkProvider.test.ts
PASS test/unit/http/actions/process/ResponseAnalyzer.test.ts
PASS test/unit/task/StreamChunkProvider.test.ts
PASS test/unit/http/actions/prepare/UrlBuilder.test.ts
PASS test/unit/registry/RegistrarBase.test.ts
  ● Console

    console.log
      Test inspect output

      at ObjectStorageRegistrar.doInspect (test/unit/registry/RegistrarBase.test.ts:23:17)

PASS test/unit/context/EventContextBuilder.test.ts
PASS test/unit/validation/processors/common.test.ts
PASS test/unit/composable/ComposableBase.test.ts
PASS test/unit/validation/format.processor.test.ts
PASS test/unit/http/actions/process/DataParser.test.ts
PASS test/unit/crypto/md5.test.ts
PASS test/unit/event-dom/adapters/semantic-map/maps.test.ts
PASS test/unit/data-processor-spring/spring.test.ts
PASS test/unit/utils/object/clone.test.ts
PASS test/unit/validation/processors/errors-builder.test.ts
PASS test/unit/runtime/input.test.ts
PASS test/unit/utils/units/resolve.test.ts
PASS test/unit/entity/abilities/TreeLifecycleAbility.test.ts
PASS test/unit/http/actions/align/DownloadInterceptor.test.ts
PASS test/unit/validation/rule-align.processor.test.ts
PASS test/unit/validation/compare.test.ts
PASS test/unit/crypto/xxhash64.test.ts
PASS test/unit/utils/array/base/transform.test.ts
PASS test/unit/utils/download.test.ts
PASS test/unit/utils/string/css.test.ts
PASS test/unit/utils/cookie/remove.test.ts
PASS test/unit/utils/units/length.test.ts
PASS test/unit/crypto/sha256.test.ts
PASS test/unit/entity/abilities/TreePathAbility.test.ts
PASS test/unit/system-abilities/DebounceAbility.test.ts
PASS test/unit/composable/ComposableIntegration.test.ts
PASS test/unit/component-core/abilities/AnimationAbility.test.ts
PASS test/unit/task/errors/WorkerError.test.ts
PASS test/unit/registry/index.test.ts
PASS test/unit/component-core/abilities/LifecycleAbility.test.ts
PASS test/unit/validation/children.processor.test.ts
PASS test/unit/utils/array/set/intersection.test.ts
PASS test/unit/entity/abilities/StateCacheAbility.test.ts
PASS test/unit/validation/properties.processor.test.ts
PASS test/unit/utils/time/after.test.ts
PASS test/unit/utils/number/base.test.ts
PASS test/unit/context/base.test.ts
PASS test/unit/task/hash-task/hash/HashTaskProgress.test.ts
PASS test/unit/utils/geometry/vector.test.ts
PASS test/unit/utils/geometry/align.test.ts
PASS test/unit/task/hash-task/hash/HashTaskHealthMonitor.test.ts
PASS test/unit/utils/string/id.test.ts
PASS test/unit/async/debounce.test.ts
PASS test/unit/entity/abilities/StateDirtyAbility.test.ts
PASS test/unit/utils/time/time.test.ts
PASS test/unit/http/actions/prepare/CommonParamsEnricher.test.ts
PASS test/unit/error/KernelErrors.test.ts
PASS test/unit/async/throttle.test.ts
PASS test/unit/events/EventSourceRegistrar.test.ts
PASS test/unit/task/hash-task/worker/HashWorkerProtocol.test.ts
PASS test/unit/utils/units/format.test.ts
PASS test/unit/utils/string/base.test.ts
PASS test/unit/registry/errors.test.ts
PASS test/unit/task/hash-task/worker/BrowserWorkerHandle.test.ts
PASS test/unit/error/ErrorBase.test.ts
PASS test/unit/events/I18nEventBridge.test.ts
PASS test/unit/utils/array/set/difference.test.ts
PASS test/unit/task/errors/WorkerInitializationError.test.ts
PASS test/unit/utils/array/collection/flatten.test.ts
PASS test/unit/component/OverlayRoot.test.ts
PASS test/unit/utils/cookie/setJson.test.ts
PASS test/unit/utils/date/calculation/months.test.ts
PASS test/unit/runtime/runtime.test.ts
PASS test/unit/utils/date/format.test.ts
PASS test/unit/task/worker/SimpleWorkerManager.test.ts
PASS test/unit/registry/RegistrarBaseExtra.test.ts
PASS test/unit/component-core/types/common-props.test.ts
PASS test/unit/validation/file.processor.test.ts
PASS test/unit/utils/string/plural.test.ts
PASS test/unit/composable/index.test.ts
PASS test/unit/runtime/timezone.test.ts
PASS test/unit/utils/array/collection/groupBy.test.ts
PASS test/unit/oauth2/TokenRefreshHandler.test.ts
PASS test/unit/logger/sinks/console.test.ts
PASS test/unit/entity/abilities/DomainPagingAbility.test.ts
PASS test/unit/validation/processors/object.test.ts
PASS test/unit/utils/date/calculation/days.test.ts
PASS test/unit/event-dom/adapters/semantic-map/resolve.test.ts
PASS test/unit/entity/abilities/TreeViewAbility.test.ts
PASS test/unit/utils/array/random/sample.test.ts
PASS test/unit/utils/geometry/scale.test.ts
PASS test/unit/entity/abilities/DirtyAbility.test.ts
PASS test/unit/component-core/utils/child-node-props.test.ts
PASS test/unit/utils/units/parse.test.ts
PASS test/unit/runtime/input.browser.test.ts
PASS test/unit/utils/date/calendar.test.ts
PASS test/unit/utils/color/generateColorShades.test.ts
PASS test/unit/utils/geometry/point.test.ts
PASS test/unit/component-core/types/tpl-body-def.test.ts
PASS test/unit/i18n/I18nManager.test.ts
PASS test/unit/runtime/platform.test.ts
PASS test/unit/utils/geometry/translate.test.ts
PASS test/unit/logger/LoggerChild.test.ts
PASS test/unit/utils/time/repeat.test.ts
PASS test/unit/utils/geometry/clamp.test.ts
PASS test/unit/utils/cookie/set.test.ts
PASS test/unit/utils/array/sort/sort.test.ts
PASS test/unit/task/hash-task/worker/DefaultWorkerHandle.test.ts
PASS test/unit/utils/geometry/rect.test.ts
PASS test/unit/task/hash-task/errors/ResourceNotAcquiredError.test.ts
PASS test/unit/http/types.test.ts
PASS test/unit/utils/date/utils.test.ts
PASS test/unit/task/BrowserFileChunkProvider.test.ts
PASS test/unit/logger/Logger.test.ts
PASS test/unit/utils/color/rgbToHex.test.ts
PASS test/unit/task/hash-task/worker/BrowserWorkerPool.test.ts
PASS test/unit/task/hash-task/worker/DefaultWorkerPool.test.ts
PASS test/unit/utils/color/hslToHex.test.ts
PASS test/unit/utils/cookie/getAll.test.ts
PASS test/unit/utils/array/sort/tree.test.ts
PASS test/unit/utils/array/set/union.test.ts
PASS test/unit/utils/array/random/shuffle.test.ts
PASS test/unit/utils/geometry/transform.test.ts
PASS test/unit/utils/string/format.test.ts
PASS test/unit/runtime/user-agent.test.ts
PASS test/unit/utils/geometry/snap.test.ts
PASS test/unit/utils/array/collection/chunk.test.ts
PASS test/unit/utils/cookie/getNumber.test.ts
PASS test/unit/utils/object/properties.test.ts
PASS test/unit/utils/date/calculation/quarters.test.ts
PASS test/unit/component-core/utils/template-constants.test.ts
PASS test/unit/utils/array/search/find.test.ts
PASS test/unit/utils/array/search/includes.test.ts
PASS test/unit/crypto/sha1.test.ts
PASS test/unit/task/worker/WorkerManagerBase.test.ts
PASS test/unit/utils/object/iterate.test.ts
PASS test/unit/utils/color/hslToRgb.test.ts
PASS test/unit/runtime/locale.test.ts
PASS test/unit/utils/color/hexToRgb.test.ts
PASS test/unit/component/z-index.test.ts
PASS test/unit/task/hash-task/errors/TaskStateError.test.ts
PASS test/unit/task/hash-task/worker/HashWorker.test.ts
PASS test/unit/task/hash-task/errors/ResourceUnavailableError.test.ts
PASS test/unit/task/hash-task/worker/WorkerPool.test.ts
PASS test/unit/logger/color.test.ts
PASS test/unit/utils/number/format.test.ts
PASS test/unit/utils/array/base/duplicates.test.ts
PASS test/unit/runtime/features.test.ts
PASS test/unit/utils/geometry/rotate.test.ts
PASS test/unit/task/hash-task/worker/WorkerScriptBuilder.test.ts
PASS test/unit/utils/composeMixins.test.ts
PASS test/unit/utils/cookie/get.test.ts
PASS test/unit/data-processor/errors.test.ts
PASS test/unit/utils/object/base.test.ts
PASS test/unit/validation/errors.test.ts
PASS test/unit/utils/color/hexToHsl.test.ts
PASS test/unit/utils/cookie/has.test.ts
PASS test/unit/data-processor/weights.test.ts
PASS test/unit/utils/units/time.test.ts
PASS test/unit/utils/units/angle.test.ts
PASS test/unit/utils/units/percent.test.ts
PASS test/unit/utils/time/delay.test.ts
PASS test/unit/utils/cookie/getBoolean.test.ts
PASS test/unit/utils/color/rgbToHsl.test.ts
PASS test/unit/utils/date/calculation/years.test.ts
FAIL test/unit/component-core/utils/template-compiler.test.ts
  ● Test suite failed to run

    Configuration error:

    Could not locate module @/component-core/engine/TemplateCompiler mapped as:
    D:\Workspace\projects\QimenJs\src\$1.

    Please check your configuration for these entries:
    {
      "moduleNameMapper": {
        "/^@\/(.*)$/": "D:\Workspace\projects\QimenJs\src\$1"
      },
      "resolver": undefined
    }

    > 1 | import { findByPath } from '@/component-core/engine/TemplateCompiler';
        | ^
      2 |
      3 | describe('template-compiler', () => {
      4 |     describe('findByPath', () => {

      at createNoMappedModuleFoundError (node_modules/.pnpm/jest-resolve@29.7.0/node_modules/jest-resolve/build/resolver.js:759:17)
      at Object.<anonymous> (test/unit/component-core/utils/template-compiler.test.ts:1:1)

FAIL test/unit/component-core/ComponentTypes.test.ts
  ● Test suite failed to run

    Configuration error:

    Could not locate module @/component-core/ComponentTypes mapped as:
    D:\Workspace\projects\QimenJs\src\$1.

    Please check your configuration for these entries:
    {
      "moduleNameMapper": {
        "/^@\/(.*)$/": "D:\Workspace\projects\QimenJs\src\$1"
      },
      "resolver": undefined
    }

    > 1 | import { ComponentTypes } from '@/component-core/ComponentTypes';
        | ^
      2 |
      3 | describe('ComponentTypes', () => {
      4 |     it('定义 BUTTON 常量', () => {

      at createNoMappedModuleFoundError (node_modules/.pnpm/jest-resolve@29.7.0/node_modules/jest-resolve/build/resolver.js:759:17)
      at Object.<anonymous> (test/unit/component-core/ComponentTypes.test.ts:1:1)

FAIL test/unit/component-core/ComponentRegistrar.test.ts
  ● Test suite failed to run

    Configuration error:

    Could not locate module @/component-core/ComponentRegistrar mapped as:
    D:\Workspace\projects\QimenJs\src\$1.

    Please check your configuration for these entries:
    {
      "moduleNameMapper": {
        "/^@\/(.*)$/": "D:\Workspace\projects\QimenJs\src\$1"
      },
      "resolver": undefined
    }

    > 1 | import { ComponentRegistrar } from '@/component-core/ComponentRegistrar';
        | ^
      2 |
      3 | class MockComponent {
      4 |     constructor(public props?: Record<string, any>) {}

      at createNoMappedModuleFoundError (node_modules/.pnpm/jest-resolve@29.7.0/node_modules/jest-resolve/build/resolver.js:759:17)
      at Object.<anonymous> (test/unit/component-core/ComponentRegistrar.test.ts:1:1)

FAIL test/unit/system-abilities/abilities.test.ts
  ● Test suite failed to run

    TypeError: composable_1.ComposableBase.with is not a function

      43 |
      44 | describe('EventAbility', () => {
    > 45 |     class TestEventHost extends ComposableBase.with([EventAbility]) {}
         |                                                    ^
      46 |
      47 |     let host: TestEventHost;
      48 |

      at test/unit/system-abilities/abilities.test.ts:45:52
      at Object.<anonymous> (test/unit/system-abilities/abilities.test.ts:44:1)

FAIL test/unit/component-core/engine/delegated-event-engine.test.ts
  ● Test suite failed to run

    Cannot find module '../ComponentRegistrar' from 'src/component-core/engine/DelegatedEventEngine.ts'

    Require stack:
      src/component-core/engine/DelegatedEventEngine.ts
      test/unit/component-core/engine/delegated-event-engine.test.ts

      22 | import { globalEventBus } from '@/events';
      23 | import { object } from '@/utils';
    > 24 | import { ComponentRegistrar } from '../ComponentRegistrar';
         | ^
      25 |
      26 | type EventDataType = 'handler' | 'emit' | 'bridge' | 'entity' | 'float' | 'router' | 'system';
      27 |

      at Resolver._throwModNotFoundError (node_modules/.pnpm/jest-resolve@29.7.0/node_modules/jest-resolve/build/resolver.js:427:11)
      at Object.require (src/component-core/engine/DelegatedEventEngine.ts:24:1)
      at Object.<anonymous> (test/unit/component-core/engine/delegated-event-engine.test.ts:1:1)

FAIL test/unit/component-abilities/MenuItemManageAbility.test.ts
  ● Test suite failed to run

    hash.worker must be run in a Worker thread

      17 |  */
      18 | if (!parentPort) {
    > 19 |     throw new Error('hash.worker must be run in a Worker thread');
         |           ^
      20 | }
      21 |
      22 | let hash: crypto.Hash | null = null;

      at Object.<anonymous> (src/task/hash-task/worker/HashWorker.ts:19:11)
      at Object.<anonymous> (src/task/hash-task/worker/index.ts:16:1)
      at Object.require (src/task/hash-task/factory.ts:2:1)
      at Object.<anonymous> (src/task/hash-task/index.ts:8:1)
      at Object.<anonymous> (src/task/index.ts:3:1)
      at Object.require (src/component-core/engine/pipeline/step-instantiate-child-components.ts:10:1)
      at Object.<anonymous> (src/component-core/engine/pipeline/index.ts:7:1)
      at Object.require (src/component-core/Component.ts:52:1)
      at Object.<anonymous> (src/component-core/index.ts:8:1)
      at Object.<anonymous> (test/unit/component-abilities/MenuItemManageAbility.test.ts:24:1)

FAIL test/unit/component-abilities/VirtualListAbility.test.ts
  ● Test suite failed to run

    hash.worker must be run in a Worker thread

      17 |  */
      18 | if (!parentPort) {
    > 19 |     throw new Error('hash.worker must be run in a Worker thread');
         |           ^
      20 | }
      21 |
      22 | let hash: crypto.Hash | null = null;

      at Object.<anonymous> (src/task/hash-task/worker/HashWorker.ts:19:11)
      at Object.<anonymous> (src/task/hash-task/worker/index.ts:16:1)
      at Object.require (src/task/hash-task/factory.ts:2:1)
      at Object.<anonymous> (src/task/hash-task/index.ts:8:1)
      at Object.<anonymous> (src/task/index.ts:3:1)
      at Object.require (src/component-core/engine/pipeline/step-instantiate-child-components.ts:10:1)
      at Object.<anonymous> (src/component-core/engine/pipeline/index.ts:7:1)
      at Object.require (src/component-core/Component.ts:52:1)
      at Object.<anonymous> (src/component-core/index.ts:8:1)
      at Object.<anonymous> (test/unit/component-abilities/VirtualListAbility.test.ts:24:1)

FAIL test/unit/component-core/Component.test.ts
  ● Test suite failed to run

    hash.worker must be run in a Worker thread

      17 |  */
      18 | if (!parentPort) {
    > 19 |     throw new Error('hash.worker must be run in a Worker thread');
         |           ^
      20 | }
      21 |
      22 | let hash: crypto.Hash | null = null;

      at Object.<anonymous> (src/task/hash-task/worker/HashWorker.ts:19:11)
      at Object.<anonymous> (src/task/hash-task/worker/index.ts:16:1)
      at Object.require (src/task/hash-task/factory.ts:2:1)
      at Object.<anonymous> (src/task/hash-task/index.ts:8:1)
      at Object.<anonymous> (src/task/index.ts:3:1)
      at Object.require (src/component-core/engine/pipeline/step-instantiate-child-components.ts:10:1)
      at Object.<anonymous> (src/component-core/engine/pipeline/index.ts:7:1)
      at Object.require (src/component-core/Component.ts:52:1)
      at Object.<anonymous> (test/unit/component-core/Component.test.ts:23:1)

FAIL test/unit/component-abilities/SizeAbility.test.ts
  ● Test suite failed to run

    hash.worker must be run in a Worker thread

      17 |  */
      18 | if (!parentPort) {
    > 19 |     throw new Error('hash.worker must be run in a Worker thread');
         |           ^
      20 | }
      21 |
      22 | let hash: crypto.Hash | null = null;

      at Object.<anonymous> (src/task/hash-task/worker/HashWorker.ts:19:11)
      at Object.<anonymous> (src/task/hash-task/worker/index.ts:16:1)
      at Object.require (src/task/hash-task/factory.ts:2:1)
      at Object.<anonymous> (src/task/hash-task/index.ts:8:1)
      at Object.<anonymous> (src/task/index.ts:3:1)
      at Object.require (src/component-core/engine/pipeline/step-instantiate-child-components.ts:10:1)
      at Object.<anonymous> (src/component-core/engine/pipeline/index.ts:7:1)
      at Object.require (src/component-core/Component.ts:52:1)
      at Object.<anonymous> (src/component-core/index.ts:8:1)
      at Object.<anonymous> (test/unit/component-abilities/SizeAbility.test.ts:23:1)

FAIL test/unit/component-abilities/ResizeAbility.test.ts
  ● Test suite failed to run

    hash.worker must be run in a Worker thread

      17 |  */
      18 | if (!parentPort) {
    > 19 |     throw new Error('hash.worker must be run in a Worker thread');
         |           ^
      20 | }
      21 |
      22 | let hash: crypto.Hash | null = null;

      at Object.<anonymous> (src/task/hash-task/worker/HashWorker.ts:19:11)
      at Object.<anonymous> (src/task/hash-task/worker/index.ts:16:1)
      at Object.require (src/task/hash-task/factory.ts:2:1)
      at Object.<anonymous> (src/task/hash-task/index.ts:8:1)
      at Object.<anonymous> (src/task/index.ts:3:1)
      at Object.require (src/component-core/engine/pipeline/step-instantiate-child-components.ts:10:1)
      at Object.<anonymous> (src/component-core/engine/pipeline/index.ts:7:1)
      at Object.require (src/component-core/Component.ts:52:1)
      at Object.<anonymous> (src/component-core/index.ts:8:1)
      at Object.<anonymous> (test/unit/component-abilities/ResizeAbility.test.ts:23:1)

FAIL test/unit/component-abilities/LocalDataAbility.test.ts
  ● Test suite failed to run

    hash.worker must be run in a Worker thread

      17 |  */
      18 | if (!parentPort) {
    > 19 |     throw new Error('hash.worker must be run in a Worker thread');
         |           ^
      20 | }
      21 |
      22 | let hash: crypto.Hash | null = null;

      at Object.<anonymous> (src/task/hash-task/worker/HashWorker.ts:19:11)
      at Object.<anonymous> (src/task/hash-task/worker/index.ts:16:1)
      at Object.require (src/task/hash-task/factory.ts:2:1)
      at Object.<anonymous> (src/task/hash-task/index.ts:8:1)
      at Object.<anonymous> (src/task/index.ts:3:1)
      at Object.require (src/component-core/engine/pipeline/step-instantiate-child-components.ts:10:1)
      at Object.<anonymous> (src/component-core/engine/pipeline/index.ts:7:1)
      at Object.require (src/component-core/Component.ts:52:1)
      at Object.<anonymous> (src/component-core/index.ts:8:1)
      at Object.<anonymous> (test/unit/component-abilities/LocalDataAbility.test.ts:38:1)

FAIL test/unit/component-abilities/ChildSlotAbility.test.ts
  ● Test suite failed to run

    hash.worker must be run in a Worker thread

      17 |  */
      18 | if (!parentPort) {
    > 19 |     throw new Error('hash.worker must be run in a Worker thread');
         |           ^
      20 | }
      21 |
      22 | let hash: crypto.Hash | null = null;

      at Object.<anonymous> (src/task/hash-task/worker/HashWorker.ts:19:11)
      at Object.<anonymous> (src/task/hash-task/worker/index.ts:16:1)
      at Object.require (src/task/hash-task/factory.ts:2:1)
      at Object.<anonymous> (src/task/hash-task/index.ts:8:1)
      at Object.<anonymous> (src/task/index.ts:3:1)
      at Object.require (src/component-core/engine/pipeline/step-instantiate-child-components.ts:10:1)
      at Object.<anonymous> (src/component-core/engine/pipeline/index.ts:7:1)
      at Object.require (src/component-core/Component.ts:52:1)
      at Object.<anonymous> (src/component-core/index.ts:8:1)
      at Object.<anonymous> (test/unit/component-abilities/ChildSlotAbility.test.ts:23:1)

FAIL test/unit/component-abilities/GroupSelectAbility.test.ts
  ● Test suite failed to run

    hash.worker must be run in a Worker thread

      17 |  */
      18 | if (!parentPort) {
    > 19 |     throw new Error('hash.worker must be run in a Worker thread');
         |           ^
      20 | }
      21 |
      22 | let hash: crypto.Hash | null = null;

      at Object.<anonymous> (src/task/hash-task/worker/HashWorker.ts:19:11)
      at Object.<anonymous> (src/task/hash-task/worker/index.ts:16:1)
      at Object.require (src/task/hash-task/factory.ts:2:1)
      at Object.<anonymous> (src/task/hash-task/index.ts:8:1)
      at Object.<anonymous> (src/task/index.ts:3:1)
      at Object.require (src/component-core/engine/pipeline/step-instantiate-child-components.ts:10:1)
      at Object.<anonymous> (src/component-core/engine/pipeline/index.ts:7:1)
      at Object.require (src/component-core/Component.ts:52:1)
      at Object.<anonymous> (src/component-core/index.ts:8:1)
      at Object.<anonymous> (test/unit/component-abilities/GroupSelectAbility.test.ts:24:1)

FAIL test/unit/component/TipsComponent.test.ts
  ● Test suite failed to run

    hash.worker must be run in a Worker thread

      17 |  */
      18 | if (!parentPort) {
    > 19 |     throw new Error('hash.worker must be run in a Worker thread');
         |           ^
      20 | }
      21 |
      22 | let hash: crypto.Hash | null = null;

      at Object.<anonymous> (src/task/hash-task/worker/HashWorker.ts:19:11)
      at Object.<anonymous> (src/task/hash-task/worker/index.ts:16:1)
      at Object.require (src/task/hash-task/factory.ts:2:1)
      at Object.<anonymous> (src/task/hash-task/index.ts:8:1)
      at Object.<anonymous> (src/task/index.ts:3:1)
      at Object.require (src/component-core/engine/pipeline/step-instantiate-child-components.ts:10:1)
      at Object.<anonymous> (src/component-core/engine/pipeline/index.ts:7:1)
      at Object.require (src/component-core/Component.ts:52:1)
      at Object.<anonymous> (src/component-core/index.ts:8:1)
      at Object.require (src/component/tips/TipsComponent.ts:14:1)
      at Object.<anonymous> (test/unit/component/TipsComponent.test.ts:23:1)

FAIL test/unit/component-abilities/AnimationAbility.test.ts
  ● Test suite failed to run

    hash.worker must be run in a Worker thread

      17 |  */
      18 | if (!parentPort) {
    > 19 |     throw new Error('hash.worker must be run in a Worker thread');
         |           ^
      20 | }
      21 |
      22 | let hash: crypto.Hash | null = null;

      at Object.<anonymous> (src/task/hash-task/worker/HashWorker.ts:19:11)
      at Object.<anonymous> (src/task/hash-task/worker/index.ts:16:1)
      at Object.require (src/task/hash-task/factory.ts:2:1)
      at Object.<anonymous> (src/task/hash-task/index.ts:8:1)
      at Object.<anonymous> (src/task/index.ts:3:1)
      at Object.require (src/component-core/engine/pipeline/step-instantiate-child-components.ts:10:1)
      at Object.<anonymous> (src/component-core/engine/pipeline/index.ts:7:1)
      at Object.require (src/component-core/Component.ts:52:1)
      at Object.<anonymous> (src/component-core/index.ts:8:1)
      at Object.<anonymous> (test/unit/component-abilities/AnimationAbility.test.ts:23:1)

FAIL test/unit/component-abilities/ArrowAbility.test.ts
  ● Test suite failed to run

    hash.worker must be run in a Worker thread

      17 |  */
      18 | if (!parentPort) {
    > 19 |     throw new Error('hash.worker must be run in a Worker thread');
         |           ^
      20 | }
      21 |
      22 | let hash: crypto.Hash | null = null;

      at Object.<anonymous> (src/task/hash-task/worker/HashWorker.ts:19:11)
      at Object.<anonymous> (src/task/hash-task/worker/index.ts:16:1)
      at Object.require (src/task/hash-task/factory.ts:2:1)
      at Object.<anonymous> (src/task/hash-task/index.ts:8:1)
      at Object.<anonymous> (src/task/index.ts:3:1)
      at Object.require (src/component-core/engine/pipeline/step-instantiate-child-components.ts:10:1)
      at Object.<anonymous> (src/component-core/engine/pipeline/index.ts:7:1)
      at Object.require (src/component-core/Component.ts:52:1)
      at Object.<anonymous> (src/component-core/index.ts:8:1)
      at Object.<anonymous> (test/unit/component-abilities/ArrowAbility.test.ts:24:1)

FAIL test/unit/component/RouteContainerComponent.test.ts
  ● Test suite failed to run

    hash.worker must be run in a Worker thread

      17 |  */
      18 | if (!parentPort) {
    > 19 |     throw new Error('hash.worker must be run in a Worker thread');
         |           ^
      20 | }
      21 |
      22 | let hash: crypto.Hash | null = null;

      at Object.<anonymous> (src/task/hash-task/worker/HashWorker.ts:19:11)
      at Object.<anonymous> (src/task/hash-task/worker/index.ts:16:1)
      at Object.require (src/task/hash-task/factory.ts:2:1)
      at Object.<anonymous> (src/task/hash-task/index.ts:8:1)
      at Object.<anonymous> (src/task/index.ts:3:1)
      at Object.require (src/component-core/engine/pipeline/step-instantiate-child-components.ts:10:1)
      at Object.<anonymous> (src/component-core/engine/pipeline/index.ts:7:1)
      at Object.require (src/component-core/Component.ts:52:1)
      at Object.<anonymous> (src/component-core/index.ts:8:1)
      at Object.require (src/component/nav/RouteContainerComponent.ts:8:1)
      at Object.<anonymous> (test/unit/component/RouteContainerComponent.test.ts:26:1)

FAIL test/unit/component/ToolbarComponent.test.ts
  ● Test suite failed to run

    hash.worker must be run in a Worker thread

      17 |  */
      18 | if (!parentPort) {
    > 19 |     throw new Error('hash.worker must be run in a Worker thread');
         |           ^
      20 | }
      21 |
      22 | let hash: crypto.Hash | null = null;

      at Object.<anonymous> (src/task/hash-task/worker/HashWorker.ts:19:11)
      at Object.<anonymous> (src/task/hash-task/worker/index.ts:16:1)
      at Object.require (src/task/hash-task/factory.ts:2:1)
      at Object.<anonymous> (src/task/hash-task/index.ts:8:1)
      at Object.<anonymous> (src/task/index.ts:3:1)
      at Object.require (src/component-core/engine/pipeline/step-instantiate-child-components.ts:10:1)
      at Object.<anonymous> (src/component-core/engine/pipeline/index.ts:7:1)
      at Object.require (src/component-core/Component.ts:52:1)
      at Object.<anonymous> (src/component-core/index.ts:8:1)
      at Object.require (src/component/itemgroup/ItemGroupBaseComponent.ts:6:1)
      at Object.require (src/component/itemgroup/ItemGroupStaticComponent.ts:6:1)
      at Object.require (src/component/toolbar/ToolbarComponent.ts:1:1)
      at Object.<anonymous> (test/unit/component/ToolbarComponent.test.ts:24:1)

FAIL test/unit/component/RouteNavComponent.test.ts
  ● Test suite failed to run

    hash.worker must be run in a Worker thread

      17 |  */
      18 | if (!parentPort) {
    > 19 |     throw new Error('hash.worker must be run in a Worker thread');
         |           ^
      20 | }
      21 |
      22 | let hash: crypto.Hash | null = null;

      at Object.<anonymous> (src/task/hash-task/worker/HashWorker.ts:19:11)
      at Object.<anonymous> (src/task/hash-task/worker/index.ts:16:1)
      at Object.require (src/task/hash-task/factory.ts:2:1)
      at Object.<anonymous> (src/task/hash-task/index.ts:8:1)
      at Object.<anonymous> (src/task/index.ts:3:1)
      at Object.require (src/component-core/engine/pipeline/step-instantiate-child-components.ts:10:1)
      at Object.<anonymous> (src/component-core/engine/pipeline/index.ts:7:1)
      at Object.require (src/component-core/Component.ts:52:1)
      at Object.<anonymous> (src/component-core/index.ts:8:1)
      at Object.require (src/component/itemgroup/ItemGroupBaseComponent.ts:6:1)
      at Object.require (src/component/itemgroup/ItemGroupPooledComponent.ts:6:1)
      at Object.require (src/component/nav/NavItemGroupComponent.ts:1:1)
      at Object.require (src/component/nav/RouteNavComponent.ts:9:1)
      at Object.<anonymous> (test/unit/component/RouteNavComponent.test.ts:25:1)

FAIL test/unit/component/NavItemComponent.test.ts
  ● Test suite failed to run

    hash.worker must be run in a Worker thread

      17 |  */
      18 | if (!parentPort) {
    > 19 |     throw new Error('hash.worker must be run in a Worker thread');
         |           ^
      20 | }
      21 |
      22 | let hash: crypto.Hash | null = null;

      at Object.<anonymous> (src/task/hash-task/worker/HashWorker.ts:19:11)
      at Object.<anonymous> (src/task/hash-task/worker/index.ts:16:1)
      at Object.require (src/task/hash-task/factory.ts:2:1)
      at Object.<anonymous> (src/task/hash-task/index.ts:8:1)
      at Object.<anonymous> (src/task/index.ts:3:1)
      at Object.require (src/component-core/engine/pipeline/step-instantiate-child-components.ts:10:1)
      at Object.<anonymous> (src/component-core/engine/pipeline/index.ts:7:1)
      at Object.require (src/component-core/Component.ts:52:1)
      at Object.<anonymous> (src/component-core/index.ts:8:1)
      at Object.require (src/component/nav/NavItemComponent.ts:18:1)
      at Object.<anonymous> (test/unit/component/NavItemComponent.test.ts:20:1)

FAIL test/unit/component/NavItemComponent.overlay.test.ts
  ● Test suite failed to run

    hash.worker must be run in a Worker thread

      17 |  */
      18 | if (!parentPort) {
    > 19 |     throw new Error('hash.worker must be run in a Worker thread');
         |           ^
      20 | }
      21 |
      22 | let hash: crypto.Hash | null = null;

      at Object.<anonymous> (src/task/hash-task/worker/HashWorker.ts:19:11)
      at Object.<anonymous> (src/task/hash-task/worker/index.ts:16:1)
      at Object.require (src/task/hash-task/factory.ts:2:1)
      at Object.<anonymous> (src/task/hash-task/index.ts:8:1)
      at Object.<anonymous> (src/task/index.ts:3:1)
      at Object.require (src/component-core/engine/pipeline/step-instantiate-child-components.ts:10:1)
      at Object.<anonymous> (src/component-core/engine/pipeline/index.ts:7:1)
      at Object.require (src/component-core/Component.ts:52:1)
      at Object.<anonymous> (src/component-core/index.ts:8:1)
      at Object.require (src/component/nav/NavItemComponent.ts:18:1)
      at Object.<anonymous> (test/unit/component/NavItemComponent.overlay.test.ts:24:1)

FAIL test/unit/component/NavItemGroupComponent.test.ts
  ● Test suite failed to run

    hash.worker must be run in a Worker thread

      17 |  */
      18 | if (!parentPort) {
    > 19 |     throw new Error('hash.worker must be run in a Worker thread');
         |           ^
      20 | }
      21 |
      22 | let hash: crypto.Hash | null = null;

      at Object.<anonymous> (src/task/hash-task/worker/HashWorker.ts:19:11)
      at Object.<anonymous> (src/task/hash-task/worker/index.ts:16:1)
      at Object.require (src/task/hash-task/factory.ts:2:1)
      at Object.<anonymous> (src/task/hash-task/index.ts:8:1)
      at Object.<anonymous> (src/task/index.ts:3:1)
      at Object.require (src/component-core/engine/pipeline/step-instantiate-child-components.ts:10:1)
      at Object.<anonymous> (src/component-core/engine/pipeline/index.ts:7:1)
      at Object.require (src/component-core/Component.ts:52:1)
      at Object.<anonymous> (src/component-core/index.ts:8:1)
      at Object.require (src/component/itemgroup/ItemGroupBaseComponent.ts:6:1)
      at Object.require (src/component/itemgroup/ItemGroupPooledComponent.ts:6:1)
      at Object.require (src/component/nav/NavItemGroupComponent.ts:1:1)
      at Object.<anonymous> (test/unit/component/NavItemGroupComponent.test.ts:20:1)

FAIL test/unit/component/MenuItemComponent.test.ts
  ● Test suite failed to run

    hash.worker must be run in a Worker thread

      17 |  */
      18 | if (!parentPort) {
    > 19 |     throw new Error('hash.worker must be run in a Worker thread');
         |           ^
      20 | }
      21 |
      22 | let hash: crypto.Hash | null = null;

      at Object.<anonymous> (src/task/hash-task/worker/HashWorker.ts:19:11)
      at Object.<anonymous> (src/task/hash-task/worker/index.ts:16:1)
      at Object.require (src/task/hash-task/factory.ts:2:1)
      at Object.<anonymous> (src/task/hash-task/index.ts:8:1)
      at Object.<anonymous> (src/task/index.ts:3:1)
      at Object.require (src/component-core/engine/pipeline/step-instantiate-child-components.ts:10:1)
      at Object.<anonymous> (src/component-core/engine/pipeline/index.ts:7:1)
      at Object.require (src/component-core/Component.ts:52:1)
      at Object.<anonymous> (src/component-core/index.ts:8:1)
      at Object.require (src/component/menu/MenuItemComponent.ts:24:1)
      at Object.<anonymous> (test/unit/component/MenuItemComponent.test.ts:24:1)

FAIL test/unit/component/MenuItemComponent.hover.test.ts
  ● Test suite failed to run

    hash.worker must be run in a Worker thread

      17 |  */
      18 | if (!parentPort) {
    > 19 |     throw new Error('hash.worker must be run in a Worker thread');
         |           ^
      20 | }
      21 |
      22 | let hash: crypto.Hash | null = null;

      at Object.<anonymous> (src/task/hash-task/worker/HashWorker.ts:19:11)
      at Object.<anonymous> (src/task/hash-task/worker/index.ts:16:1)
      at Object.require (src/task/hash-task/factory.ts:2:1)
      at Object.<anonymous> (src/task/hash-task/index.ts:8:1)
      at Object.<anonymous> (src/task/index.ts:3:1)
      at Object.require (src/component-core/engine/pipeline/step-instantiate-child-components.ts:10:1)
      at Object.<anonymous> (src/component-core/engine/pipeline/index.ts:7:1)
      at Object.require (src/component-core/Component.ts:52:1)
      at Object.<anonymous> (src/component-core/index.ts:8:1)
      at Object.require (src/component/menu/MenuItemComponent.ts:24:1)
      at Object.<anonymous> (test/unit/component/MenuItemComponent.hover.test.ts:23:1)

FAIL test/unit/component/ButtonComponent.update.test.ts
  ● Test suite failed to run

    hash.worker must be run in a Worker thread

      17 |  */
      18 | if (!parentPort) {
    > 19 |     throw new Error('hash.worker must be run in a Worker thread');
         |           ^
      20 | }
      21 |
      22 | let hash: crypto.Hash | null = null;

      at Object.<anonymous> (src/task/hash-task/worker/HashWorker.ts:19:11)
      at Object.<anonymous> (src/task/hash-task/worker/index.ts:16:1)
      at Object.require (src/task/hash-task/factory.ts:2:1)
      at Object.<anonymous> (src/task/hash-task/index.ts:8:1)
      at Object.<anonymous> (src/task/index.ts:3:1)
      at Object.require (src/component-core/engine/pipeline/step-instantiate-child-components.ts:10:1)
      at Object.<anonymous> (src/component-core/engine/pipeline/index.ts:7:1)
      at Object.require (src/component-core/Component.ts:52:1)
      at Object.<anonymous> (src/component-core/index.ts:8:1)
      at Object.require (src/component/button/ButtonComponent.ts:20:1)
      at Object.<anonymous> (test/unit/component/ButtonComponent.update.test.ts:23:1)

FAIL test/unit/component/ItemGroupComponent.test.ts
  ● Test suite failed to run

    hash.worker must be run in a Worker thread

      17 |  */
      18 | if (!parentPort) {
    > 19 |     throw new Error('hash.worker must be run in a Worker thread');
         |           ^
      20 | }
      21 |
      22 | let hash: crypto.Hash | null = null;

      at Object.<anonymous> (src/task/hash-task/worker/HashWorker.ts:19:11)
      at Object.<anonymous> (src/task/hash-task/worker/index.ts:16:1)
      at Object.require (src/task/hash-task/factory.ts:2:1)
      at Object.<anonymous> (src/task/hash-task/index.ts:8:1)
      at Object.<anonymous> (src/task/index.ts:3:1)
      at Object.require (src/component-core/engine/pipeline/step-instantiate-child-components.ts:10:1)
      at Object.<anonymous> (src/component-core/engine/pipeline/index.ts:7:1)
      at Object.require (src/component-core/Component.ts:52:1)
      at Object.<anonymous> (src/component-core/index.ts:8:1)
      at Object.require (src/component/itemgroup/ItemGroupBaseComponent.ts:6:1)
      at Object.require (src/component/itemgroup/ItemGroupPooledComponent.ts:6:1)
      at Object.<anonymous> (test/unit/component/ItemGroupComponent.test.ts:24:1)

FAIL test/unit/component/ButtonComponent.test.ts
  ● Test suite failed to run

    hash.worker must be run in a Worker thread

      17 |  */
      18 | if (!parentPort) {
    > 19 |     throw new Error('hash.worker must be run in a Worker thread');
         |           ^
      20 | }
      21 |
      22 | let hash: crypto.Hash | null = null;

      at Object.<anonymous> (src/task/hash-task/worker/HashWorker.ts:19:11)
      at Object.<anonymous> (src/task/hash-task/worker/index.ts:16:1)
      at Object.require (src/task/hash-task/factory.ts:2:1)
      at Object.<anonymous> (src/task/hash-task/index.ts:8:1)
      at Object.<anonymous> (src/task/index.ts:3:1)
      at Object.require (src/component-core/engine/pipeline/step-instantiate-child-components.ts:10:1)
      at Object.<anonymous> (src/component-core/engine/pipeline/index.ts:7:1)
      at Object.require (src/component-core/Component.ts:52:1)
      at Object.<anonymous> (src/component-core/index.ts:8:1)
      at Object.require (src/component/button/ButtonComponent.ts:20:1)
      at Object.<anonymous> (test/unit/component/ButtonComponent.test.ts:23:1)

FAIL test/unit/component/BadgeComponent.test.ts
  ● Test suite failed to run

    hash.worker must be run in a Worker thread

      17 |  */
      18 | if (!parentPort) {
    > 19 |     throw new Error('hash.worker must be run in a Worker thread');
         |           ^
      20 | }
      21 |
      22 | let hash: crypto.Hash | null = null;

      at Object.<anonymous> (src/task/hash-task/worker/HashWorker.ts:19:11)
      at Object.<anonymous> (src/task/hash-task/worker/index.ts:16:1)
      at Object.require (src/task/hash-task/factory.ts:2:1)
      at Object.<anonymous> (src/task/hash-task/index.ts:8:1)
      at Object.<anonymous> (src/task/index.ts:3:1)
      at Object.require (src/component-core/engine/pipeline/step-instantiate-child-components.ts:10:1)
      at Object.<anonymous> (src/component-core/engine/pipeline/index.ts:7:1)
      at Object.require (src/component-core/Component.ts:52:1)
      at Object.<anonymous> (src/component-core/index.ts:8:1)
      at Object.require (src/component/badge/BadgeComponent.ts:11:1)
      at Object.<anonymous> (test/unit/component/BadgeComponent.test.ts:20:1)

FAIL test/unit/component/BadgeComponent.onOverlayChange.test.ts
  ● Test suite failed to run

    hash.worker must be run in a Worker thread

      17 |  */
      18 | if (!parentPort) {
    > 19 |     throw new Error('hash.worker must be run in a Worker thread');
         |           ^
      20 | }
      21 |
      22 | let hash: crypto.Hash | null = null;

      at Object.<anonymous> (src/task/hash-task/worker/HashWorker.ts:19:11)
      at Object.<anonymous> (src/task/hash-task/worker/index.ts:16:1)
      at Object.require (src/task/hash-task/factory.ts:2:1)
      at Object.<anonymous> (src/task/hash-task/index.ts:8:1)
      at Object.<anonymous> (src/task/index.ts:3:1)
      at Object.require (src/component-core/engine/pipeline/step-instantiate-child-components.ts:10:1)
      at Object.<anonymous> (src/component-core/engine/pipeline/index.ts:7:1)
      at Object.require (src/component-core/Component.ts:52:1)
      at Object.<anonymous> (src/component-core/index.ts:8:1)
      at Object.require (src/component/badge/BadgeComponent.ts:11:1)
      at Object.<anonymous> (test/unit/component/BadgeComponent.onOverlayChange.test.ts:23:1)

FAIL test/unit/component/MenuComponent.test.ts
  ● Test suite failed to run

    hash.worker must be run in a Worker thread

      17 |  */
      18 | if (!parentPort) {
    > 19 |     throw new Error('hash.worker must be run in a Worker thread');
         |           ^
      20 | }
      21 |
      22 | let hash: crypto.Hash | null = null;

      at Object.<anonymous> (src/task/hash-task/worker/HashWorker.ts:19:11)
      at Object.<anonymous> (src/task/hash-task/worker/index.ts:16:1)
      at Object.require (src/task/hash-task/factory.ts:2:1)
      at Object.<anonymous> (src/task/hash-task/index.ts:8:1)
      at Object.<anonymous> (src/task/index.ts:3:1)
      at Object.require (src/component-core/engine/pipeline/step-instantiate-child-components.ts:10:1)
      at Object.<anonymous> (src/component-core/engine/pipeline/index.ts:7:1)
      at Object.require (src/component-core/Component.ts:52:1)
      at Object.<anonymous> (src/component-core/index.ts:8:1)
      at Object.require (src/component/itemgroup/ItemGroupBaseComponent.ts:6:1)
      at Object.require (src/component/itemgroup/ItemGroupStaticComponent.ts:6:1)
      at Object.require (src/component/menu/MenuComponent.ts:1:1)
      at Object.<anonymous> (test/unit/component/MenuComponent.test.ts:24:1)

FAIL test/integration/composable/AbilityInjection.integration.test.ts
  ● Test suite failed to run

    TypeError: composable_1.ComposableBase.with is not a function

      67 | // ============================================
      68 |
    > 69 | const TestOverrideManagerBase = ComposableBase.with([AbilityA, AbilityB]);
         |                                                    ^
      70 | class TestOverrideManager extends TestOverrideManagerBase {}
      71 |
      72 | const TestHostDisposeManagerBase = ComposableBase.with([AbilityWithDispose]);

      at Object.<anonymous> (test/integration/composable/AbilityInjection.integration.test.ts:69:52)

A worker process has failed to exit gracefully and has been force exited. This is likely caused by tests leaking due to improper teardown. Try running with --detectOpenHandles to find leaks. Active timers can also cause this, ensure that .unref() was called on them.
-----------------------------------|---------|----------|---------|---------|---------------------------------------------------------------------------------------------------------
File                               | % Stmts | % Branch | % Funcs | % Lines | Uncovered Line #s                                                                                       
-----------------------------------|---------|----------|---------|---------|---------------------------------------------------------------------------------------------------------
All files                          |   92.38 |    82.53 |   89.98 |   93.29 |                                                                                                         
 async                             |     100 |      100 |     100 |     100 |                                                                                                         
  debounce.ts                      |     100 |      100 |     100 |     100 |                                                                                                         
  throttle.ts                      |     100 |      100 |     100 |     100 |                                                                                                         
 cache                             |     100 |      100 |     100 |     100 |                                                                                                         
  BaseCacheProvider.ts             |     100 |      100 |     100 |     100 |                                                                                                         
  CacheFactory.ts                  |     100 |      100 |     100 |     100 |                                                                                                         
  MemoryProvider.ts                |     100 |      100 |     100 |     100 |                                                                                                         
 component                         |     100 |      100 |     100 |     100 |                                                                                                         
  z-index.ts                       |     100 |      100 |     100 |     100 |                                                                                                         
 component-core                    |    2.47 |        0 |       0 |    2.67 |                                                                                                         
  NodeMapManager.ts                |    2.47 |        0 |       0 |    2.67 | 23-266                                                                                                  
 component-core/abilities          |   45.78 |    40.72 |   40.59 |   48.48 |                                                                                                         
  AnimationAbility.ts              |   66.66 |       50 |      80 |   72.22 | 50-59,66                                                                                                
  CommonPropsAbility.ts            |   54.62 |     55.2 |   34.17 |   52.63 | 70,91-223,267-268,325-389                                                                               
  LifecycleAbility.ts              |     100 |      100 |     100 |     100 |                                                                                                         
  NodePropAbility.ts               |   30.99 |    21.36 |   46.15 |   36.05 | 34-42,56-70,82-88,97-99,107-108,129-133,137-140,150-159,181-182,187-204,209-245,252-255,260-264,272-289 
 component-core/constants          |     100 |      100 |     100 |     100 |                                                                                                         
  compile-constants.ts             |     100 |      100 |     100 |     100 |                                                                                                         
  template-constants.ts            |     100 |      100 |     100 |     100 |                                                                                                         
 component-core/engine             |   86.24 |    79.16 |   75.75 |   89.47 |                                                                                                         
  ChildNodePropsEngine.ts          |   57.44 |    55.55 |      30 |   65.85 | 46-51,104-112,120-123,141                                                                               
  CompileEngine.ts                 |   97.46 |    81.81 |     100 |   98.61 | 161                                                                                                     
  TemplateRegistrar.ts             |   93.65 |    95.23 |   91.66 |   94.82 | 76-78                                                                                                   
 component-core/engine/utils       |     100 |      100 |     100 |     100 |                                                                                                         
  dom-path.ts                      |     100 |      100 |     100 |     100 |                                                                                                         
 component-core/types              |   83.33 |      100 |      80 |      80 |                                                                                                         
  common-props.ts                  |     100 |      100 |     100 |     100 |                                                                                                         
  init-context.ts                  |   33.33 |      100 |       0 |   33.33 | 41-42                                                                                                   
  tpl-body-def.ts                  |     100 |      100 |     100 |     100 |                                                                                                         
  tpl-node-def.ts                  |     100 |      100 |     100 |     100 |                                                                                                         
 composable                        |   96.84 |    88.67 |     100 |   98.85 |                                                                                                         
  ComposableBase.ts                |     100 |      100 |     100 |     100 |                                                                                                         
  forge.ts                         |      95 |    86.36 |     100 |   98.11 | 17                                                                                                      
 context                           |     100 |      100 |     100 |     100 |                                                                                                         
  EventContextBuilder.ts           |     100 |      100 |     100 |     100 |                                                                                                         
  RequestContextBuilder.ts         |     100 |      100 |     100 |     100 |                                                                                                         
 context/base                      |     100 |      100 |     100 |     100 |                                                                                                         
  BaseContext.ts                   |     100 |      100 |     100 |     100 |                                                                                                         
 crypto                            |   98.28 |    88.23 |   98.14 |   98.91 |                                                                                                         
  base64.ts                        |   98.33 |      100 |     100 |   98.33 | 59                                                                                                      
  md5.ts                           |     100 |      100 |     100 |     100 |                                                                                                         
  sha1.ts                          |     100 |      100 |     100 |     100 |                                                                                                         
  sha256.ts                        |     100 |      100 |     100 |     100 |                                                                                                         
  sha512.ts                        |   96.33 |    66.66 |    92.3 |      98 | 79,90                                                                                                   
  xxhash64.ts                      |    95.9 |       75 |     100 |   97.47 | 113-115                                                                                                 
 data-processor                    |   98.98 |     87.5 |   96.15 |   98.96 |                                                                                                         
  DataProcessorRegistrar.ts        |   98.59 |       85 |   94.11 |   98.57 | 278                                                                                                     
  executor.ts                      |     100 |      100 |     100 |     100 |                                                                                                         
  weights.ts                       |     100 |      100 |     100 |     100 |                                                                                                         
 data-processor-abp                |   98.03 |    88.13 |     100 |     100 |                                                                                                         
  post.ts                          |   96.87 |     82.5 |     100 |     100 | 44-45,55,171-178,222                                                                                    
  pre.ts                           |     100 |      100 |     100 |     100 |                                                                                                         
  register.ts                      |     100 |      100 |     100 |     100 |                                                                                                         
 data-processor-spring             |   96.55 |    93.18 |     100 |     100 |                                                                                                         
  post.ts                          |   96.55 |    96.29 |     100 |     100 | 82                                                                                                      
  pre.ts                           |   95.65 |    88.23 |     100 |     100 | 42-45                                                                                                   
  register.ts                      |     100 |      100 |     100 |     100 |                                                                                                         
 drag                              |   56.04 |    18.18 |      75 |   58.33 |                                                                                                         
  DragDispatchCenter.ts            |   56.04 |    18.18 |      75 |   58.33 | 163-222,232-233,238-250,256                                                                             
 entity/abilities                  |     100 |       92 |     100 |     100 |                                                                                                         
  SchemaAbility.ts                 |     100 |       92 |     100 |     100 | 28,69                                                                                                   
 entity/abilities/core             |   98.07 |     98.3 |   95.23 |     100 |                                                                                                         
  CacheAbility.ts                  |     100 |    88.88 |     100 |     100 | 65                                                                                                      
  DirtyAbility.ts                  |      95 |      100 |   81.81 |     100 |                                                                                                         
  DomainPagingAbility.ts           |     100 |      100 |     100 |     100 |                                                                                                         
  SchemaProxyAbility.ts            |     100 |      100 |     100 |     100 |                                                                                                         
 entity/abilities/local            |   95.75 |    70.32 |   90.42 |   97.89 |                                                                                                         
  FlatLocalDeleteAbility.ts        |     100 |      100 |     100 |     100 |                                                                                                         
  FlatLocalMutationAbility.ts      |   93.54 |    71.42 |   66.66 |   96.55 | 36                                                                                                      
  FlatLocalStateAbility.ts         |   95.41 |    67.16 |   91.35 |   97.74 | 49-54,114,200,292                                                                                       
  LocalGetAbility.ts               |     100 |      100 |     100 |     100 |                                                                                                         
  LocalListAbility.ts              |     100 |      100 |     100 |     100 |                                                                                                         
 entity/abilities/mutation         |   97.97 |     74.5 |   96.29 |   98.92 |                                                                                                         
  LocalMutationAbility.ts          |   97.97 |     74.5 |   96.29 |   98.92 | 65                                                                                                      
 entity/abilities/remote           |    98.9 |    90.47 |   95.83 |   98.87 |                                                                                                         
  FlatRemoteGetAllAbility.ts       |     100 |      100 |     100 |     100 |                                                                                                         
  FlatRemoteListAbility.ts         |     100 |    66.66 |     100 |     100 | 31                                                                                                      
  FlatRemoteQueryAbility.ts        |     100 |      100 |     100 |     100 |                                                                                                         
  FlatRemoteStateAbility.ts        |     100 |    92.85 |     100 |     100 | 62                                                                                                      
  RemoteCreateAbility.ts           |     100 |      100 |     100 |     100 |                                                                                                         
  RemoteDeleteAbility.ts           |     100 |      100 |     100 |     100 |                                                                                                         
  RemoteGetAbility.ts              |     100 |      100 |     100 |     100 |                                                                                                         
  RemoteToggleAbility.ts           |     100 |      100 |     100 |     100 |                                                                                                         
  RemoteUpdateAbility.ts           |     100 |      100 |     100 |     100 |                                                                                                         
  TreeManagerAbility.ts            |   97.14 |      100 |   92.85 |   97.05 | 47                                                                                                      
  TreeRemoteStateAbility.ts        |      80 |       50 |   66.66 |      80 | 17                                                                                                      
 entity/abilities/search           |     100 |    82.14 |     100 |     100 |                                                                                                         
  SearchAbility.ts                 |     100 |    82.14 |     100 |     100 | 32-33,50,62,71                                                                                          
 entity/abilities/tree             |   99.36 |    86.53 |     100 |     100 |                                                                                                         
  TreeLifecycleAbility.ts          |   98.27 |    84.84 |     100 |     100 | 38,48,70,86-95                                                                                          
  TreePathAbility.ts               |     100 |     87.5 |     100 |     100 | 48-49,55-57,70                                                                                          
  TreeSearchAbility.ts             |     100 |    93.75 |     100 |     100 | 18                                                                                                      
  TreeViewAbility.ts               |     100 |       80 |     100 |     100 | 23-27,46                                                                                                
 entity/manager                    |   99.45 |    81.81 |     100 |     100 |                                                                                                         
  BaseEntityManager.ts             |   98.38 |    77.27 |     100 |     100 | 46-87,91,184                                                                                            
  CoreEntityManager.ts             |     100 |     90.9 |     100 |     100 | 67                                                                                                      
  managers.ts                      |     100 |      100 |     100 |     100 |                                                                                                         
 error                             |     100 |      100 |     100 |     100 |                                                                                                         
  ComponentError.ts                |     100 |      100 |     100 |     100 |                                                                                                         
  ErrorBase.ts                     |     100 |      100 |     100 |     100 |                                                                                                         
  GestureError.ts                  |     100 |      100 |     100 |     100 |                                                                                                         
  KernelError.ts                   |     100 |      100 |     100 |     100 |                                                                                                         
  codes.ts                         |     100 |      100 |     100 |     100 |                                                                                                         
 event-dom/adapters                |     100 |      100 |     100 |     100 |                                                                                                         
  createEventAdapter.ts            |     100 |      100 |     100 |     100 |                                                                                                         
 event-dom/adapters/dom            |   96.15 |    84.84 |   94.44 |      96 |                                                                                                         
  DomEventAdapter.ts               |   96.15 |    84.84 |   94.44 |      96 | 195,200,202,444                                                                                         
 event-dom/adapters/processors     |   99.58 |    89.02 |     100 |     100 |                                                                                                         
  ContextMenuProcessor.ts          |     100 |      100 |     100 |     100 |                                                                                                         
  DoubleTapProcessor.ts            |     100 |     61.9 |     100 |     100 | 49-50,63-87                                                                                             
  DragProcessor.ts                 |     100 |      100 |     100 |     100 |                                                                                                         
  GestureProcessor.ts              |     100 |      100 |     100 |     100 |                                                                                                         
  HoverProcessor.ts                |     100 |      100 |     100 |     100 |                                                                                                         
  LongPressProcessor.ts            |   96.96 |    91.66 |     100 |     100 | 80                                                                                                      
  SubmitProcessor.ts               |     100 |      100 |     100 |     100 |                                                                                                         
  SwipeProcessor.ts                |     100 |      100 |     100 |     100 |                                                                                                         
  TapProcessor.ts                  |     100 |      100 |     100 |     100 |                                                                                                         
  factory.ts                       |     100 |      100 |     100 |     100 |                                                                                                         
 event-dom/adapters/semantic-map   |     100 |      100 |     100 |     100 |                                                                                                         
  base.ts                          |     100 |      100 |     100 |     100 |                                                                                                         
  gesture.ts                       |     100 |      100 |     100 |     100 |                                                                                                         
  keyboard.ts                      |     100 |      100 |     100 |     100 |                                                                                                         
  mouse.ts                         |     100 |      100 |     100 |     100 |                                                                                                         
  pointer.ts                       |     100 |      100 |     100 |     100 |                                                                                                         
  resolve.ts                       |     100 |      100 |     100 |     100 |                                                                                                         
  touch.ts                         |     100 |      100 |     100 |     100 |                                                                                                         
 event-dom/adapters/utils          |     100 |      100 |     100 |     100 |                                                                                                         
  validation.ts                    |     100 |      100 |     100 |     100 |                                                                                                         
 events                            |   82.86 |    76.36 |   70.83 |   83.17 |                                                                                                         
  DragEventBus.ts                  |   96.92 |    85.71 |   94.44 |   98.33 | 89                                                                                                      
  EntityEventBus.ts                |     100 |       60 |     100 |     100 | 92-100                                                                                                  
  EventBridge.ts                   |     100 |       80 |     100 |     100 | 140                                                                                                     
  EventBus.ts                      |   95.45 |    96.15 |   86.66 |   95.08 | 122-126                                                                                                 
  EventScope.ts                    |     100 |      100 |    90.9 |     100 |                                                                                                         
  EventSourceRegistrar.ts          |     100 |      100 |     100 |     100 |                                                                                                         
  GlobalEventBus.ts                |     100 |      100 |     100 |     100 |                                                                                                         
  I18nEventBridge.ts               |     100 |      100 |     100 |     100 |                                                                                                         
  OverlayEventBus.ts               |     100 |       60 |     100 |     100 | 90-98                                                                                                   
  RouteEventBus.ts                 |      75 |       40 |      60 |      75 | 67,121-130                                                                                              
  SystemEventBus.ts                |   71.15 |       70 |   57.14 |   71.15 | 88,101-107,110-111,116-127,143-146                                                                      
  WindowEventBridge.ts             |   30.85 |    21.42 |    18.6 |   32.22 | 48-51,60-62,70-72,81-158,165,169-178,185,199-203                                                        
  component-events.ts              |     100 |      100 |     100 |     100 |                                                                                                         
  drag-events.ts                   |     100 |      100 |     100 |     100 |                                                                                                         
  entity-events.ts                 |     100 |      100 |     100 |     100 |                                                                                                         
  overlay-events.ts                |     100 |      100 |     100 |     100 |                                                                                                         
 http                              |   98.46 |    87.71 |     100 |   98.94 |                                                                                                         
  HttpActionRegistrar.ts           |     100 |      100 |     100 |     100 |                                                                                                         
  HttpClient.ts                    |     100 |     87.5 |     100 |     100 | 82                                                                                                      
  HttpExecutor.ts                  |      92 |    66.66 |     100 |   91.66 | 99-100                                                                                                  
  StreamClient.ts                  |     100 |      100 |     100 |     100 |                                                                                                         
  factory.ts                       |   97.82 |    76.19 |     100 |     100 | 88-89,156-157,167                                                                                       
 http/actions                      |     100 |      100 |     100 |     100 |                                                                                                         
  register.ts                      |     100 |      100 |     100 |     100 |                                                                                                         
 http/actions/align                |     100 |      100 |     100 |     100 |                                                                                                         
  DownloadInterceptor.ts           |     100 |      100 |     100 |     100 |                                                                                                         
 http/actions/exchange             |     100 |       92 |     100 |     100 |                                                                                                         
  FetchTransport.ts                |     100 |     92.3 |     100 |     100 | 20                                                                                                      
  XhrTransport.ts                  |     100 |    91.66 |     100 |     100 | 17                                                                                                      
 http/actions/prepare              |     100 |    97.56 |     100 |     100 |                                                                                                         
  CommonParamsEnricher.ts          |     100 |      100 |     100 |     100 |                                                                                                         
  TokenInjector.ts                 |     100 |      100 |     100 |     100 |                                                                                                         
  UrlBuilder.ts                    |     100 |    95.45 |     100 |     100 | 11                                                                                                      
 http/actions/process              |     100 |    94.28 |     100 |     100 |                                                                                                         
  DataParser.ts                    |     100 |      100 |     100 |     100 |                                                                                                         
  ResponseAnalyzer.ts              |     100 |     90.9 |     100 |     100 | 15-16                                                                                                   
 i18n                              |     100 |    85.71 |     100 |     100 |                                                                                                         
  i18n-utils.ts                    |     100 |    85.71 |     100 |     100 | 46                                                                                                      
 logger                            |     100 |      100 |     100 |     100 |                                                                                                         
  Logger.ts                        |     100 |      100 |     100 |     100 |                                                                                                         
  LoggerChild.ts                   |     100 |      100 |     100 |     100 |                                                                                                         
  color.ts                         |     100 |      100 |     100 |     100 |                                                                                                         
  format.ts                        |     100 |      100 |     100 |     100 |                                                                                                         
 logger/sinks                      |     100 |      100 |     100 |     100 |                                                                                                         
  console.ts                       |     100 |      100 |     100 |     100 |                                                                                                         
 mime                              |   98.57 |    96.66 |     100 |    98.5 |                                                                                                         
  MimeTypeRegistrar.ts             |     100 |      100 |     100 |     100 |                                                                                                         
  presets.ts                       |     100 |      100 |     100 |     100 |                                                                                                         
  register.ts                      |    87.5 |        0 |     100 |    87.5 | 19                                                                                                      
 oauth2                            |   95.31 |    90.56 |   97.22 |   96.06 |                                                                                                         
  OAuth2Manager.ts                 |   94.61 |    88.37 |   95.65 |   95.93 | 198-199,310-311,363                                                                                     
  TokenRefreshHandler.ts           |     100 |      100 |     100 |     100 |                                                                                                         
  TokenStorage.ts                  |    93.1 |      100 |     100 |   92.59 | 51,74                                                                                                   
  register.ts                      |     100 |      100 |     100 |     100 |                                                                                                         
 overlay                           |   96.66 |     87.5 |     100 |   96.55 |                                                                                                         
  OverlayRoot.ts                   |   96.66 |     87.5 |     100 |   96.55 | 37                                                                                                      
 pattern                           |   97.36 |     87.5 |     100 |   97.22 |                                                                                                         
  PatternRegistrar.ts              |     100 |      100 |     100 |     100 |                                                                                                         
  presets.ts                       |     100 |      100 |     100 |     100 |                                                                                                         
  register.ts                      |    87.5 |        0 |     100 |    87.5 | 20                                                                                                      
 permission                        |   96.92 |      100 |   89.47 |   96.72 |                                                                                                         
  PermissionRegistrar.ts           |   96.82 |      100 |   89.47 |   96.61 | 139,188                                                                                                 
  types.ts                         |     100 |      100 |     100 |     100 |                                                                                                         
 pipeline                          |    95.5 |    97.95 |     100 |   95.29 |                                                                                                         
  executor.ts                      |    95.5 |    97.95 |     100 |   95.29 | 165-167,214                                                                                             
 registry                          |     100 |      100 |     100 |     100 |                                                                                                         
  RegistryHub.ts                   |     100 |      100 |     100 |     100 |                                                                                                         
  errors.ts                        |     100 |      100 |     100 |     100 |                                                                                                         
  types.ts                         |     100 |      100 |     100 |     100 |                                                                                                         
 registry/registrars               |     100 |      100 |     100 |     100 |                                                                                                         
  DomainRegistrar.ts               |     100 |      100 |     100 |     100 |                                                                                                         
  RegistrarBase.ts                 |     100 |      100 |     100 |     100 |                                                                                                         
  SystemRegistrar.ts               |     100 |      100 |     100 |     100 |                                                                                                         
  errors.ts                        |     100 |      100 |     100 |     100 |                                                                                                         
 router                            |   78.94 |    57.57 |   85.71 |   79.34 |                                                                                                         
  Router.ts                        |   78.94 |    57.57 |   85.71 |   79.34 | 105,109-112,126-128,151-154,226-233,241-248                                                             
 runtime                           |   94.54 |    83.33 |     100 |   95.91 |                                                                                                         
  features.ts                      |     100 |      100 |     100 |     100 |                                                                                                         
  input.ts                         |     100 |    66.66 |     100 |     100 | 17,29                                                                                                   
  locale.ts                        |     100 |      100 |     100 |     100 |                                                                                                         
  memory.ts                        |     100 |      100 |     100 |     100 |                                                                                                         
  platform.ts                      |      50 |       50 |     100 |      50 | 18-19                                                                                                   
  runtime.ts                       |     100 |      100 |     100 |     100 |                                                                                                         
  timezone.ts                      |     100 |      100 |     100 |     100 |                                                                                                         
  user-agent.ts                    |     100 |      100 |     100 |     100 |                                                                                                         
 schema                            |   98.23 |     90.9 |     100 |     100 |                                                                                                         
  SchemaRegistrar.ts               |   98.23 |     90.9 |     100 |     100 | 222,249,292,381,438                                                                                     
 schema/types                      |     100 |      100 |     100 |     100 |                                                                                                         
  rule.ts                          |     100 |      100 |     100 |     100 |                                                                                                         
 system-abilities/system           |   74.78 |    63.15 |   79.54 |   75.67 |                                                                                                         
  DebounceAbility.ts               |     100 |       50 |     100 |     100 | 25                                                                                                      
  DomEventsAbility.ts              |   33.33 |      100 |       0 |      40 | 25-27                                                                                                   
  DomainAbility.ts                 |   88.88 |      100 |     100 |   88.88 | 22                                                                                                      
  DragEventBusAbility.ts           |     100 |      100 |     100 |     100 |                                                                                                         
  EntityEventBusAbility.ts         |     100 |      100 |     100 |     100 |                                                                                                         
  EventAbility.ts                  |   63.88 |    71.42 |   81.81 |   61.76 | 93-94,101-119                                                                                           
  EventBridgeAbility.ts            |     100 |      100 |     100 |     100 |                                                                                                         
  OverlayEventBusAbility.ts        |     100 |      100 |     100 |     100 |                                                                                                         
  RouteEventBusAbility.ts          |   85.71 |      100 |   66.66 |   85.71 | 28                                                                                                      
  SystemAbility.ts                 |   27.27 |        0 |       0 |      30 | 23-41                                                                                                   
  SystemEventBusAbility.ts         |   71.42 |      100 |   33.33 |   71.42 | 16,26                                                                                                   
 system-abilities/types            |     100 |      100 |     100 |     100 |                                                                                                         
  abilities.ts                     |     100 |      100 |     100 |     100 |                                                                                                         
 task/errors                       |     100 |      100 |     100 |     100 |                                                                                                         
  WorkerError.ts                   |     100 |      100 |     100 |     100 |                                                                                                         
  WorkerInitializationError.ts     |     100 |      100 |     100 |     100 |                                                                                                         
 task/hash-task/chunk              |     100 |      100 |     100 |     100 |                                                                                                         
  BrowserFileChunkProvider.ts      |     100 |      100 |     100 |     100 |                                                                                                         
  FileChunkProvider.ts             |     100 |      100 |     100 |     100 |                                                                                                         
  StreamChunkProvider.ts           |     100 |      100 |     100 |     100 |                                                                                                         
 task/hash-task/errors             |     100 |      100 |     100 |     100 |                                                                                                         
  ResourceNotAcquiredError.ts      |     100 |      100 |     100 |     100 |                                                                                                         
  ResourceUnavailableError.ts      |     100 |      100 |     100 |     100 |                                                                                                         
  TaskStateError.ts                |     100 |      100 |     100 |     100 |                                                                                                         
 task/hash-task/hash               |   99.57 |    98.48 |     100 |     100 |                                                                                                         
  HashTask.ts                      |     100 |      100 |     100 |     100 |                                                                                                         
  HashTaskHealthMonitor.ts         |     100 |      100 |     100 |     100 |                                                                                                         
  HashTaskProgress.ts              |     100 |      100 |     100 |     100 |                                                                                                         
  HashTaskResources.ts             |     100 |      100 |     100 |     100 |                                                                                                         
  HashTaskRunner.ts                |   98.63 |    94.44 |     100 |     100 | 248                                                                                                     
  HashTaskState.ts                 |     100 |      100 |     100 |     100 |                                                                                                         
 task/hash-task/worker             |     100 |      100 |     100 |     100 |                                                                                                         
  BrowserWorkerHandle.ts           |     100 |      100 |     100 |     100 |                                                                                                         
  BrowserWorkerPool.ts             |     100 |      100 |     100 |     100 |                                                                                                         
  DefaultWorkerHandle.ts           |     100 |      100 |     100 |     100 |                                                                                                         
  DefaultWorkerPool.ts             |     100 |      100 |     100 |     100 |                                                                                                         
  WorkerScriptBuilder.ts           |     100 |      100 |     100 |     100 |                                                                                                         
 task/task                         |     100 |      100 |     100 |     100 |                                                                                                         
  TaskQueue.ts                     |     100 |      100 |     100 |     100 |                                                                                                         
 task/worker                       |      96 |       50 |     100 |     100 |                                                                                                         
  SimpleWorkerManager.ts           |     100 |      100 |     100 |     100 |                                                                                                         
  WorkerManagerBase.ts             |   93.75 |        0 |     100 |     100 | 44                                                                                                      
 theme                             |   88.51 |     75.6 |   88.46 |   91.42 |                                                                                                         
  AtomicCSS.ts                     |   93.22 |    76.19 |     100 |   96.49 | 89-90                                                                                                   
  ThemeRegistrar.ts                |   81.42 |    73.68 |      80 |   84.37 | 118-129,170,224-231                                                                                     
  register.ts                      |     100 |      100 |     100 |     100 |                                                                                                         
 theme/presets                     |   97.67 |      100 |       0 |   97.67 |                                                                                                         
  atomic-rules.ts                  |     100 |      100 |     100 |     100 |                                                                                                         
  celadon.ts                       |     100 |      100 |     100 |     100 |                                                                                                         
  cinnabar.ts                      |     100 |      100 |     100 |     100 |                                                                                                         
  dai.ts                           |     100 |      100 |     100 |     100 |                                                                                                         
  dark.ts                          |     100 |      100 |     100 |     100 |                                                                                                         
  huaqing.ts                       |     100 |      100 |     100 |     100 |                                                                                                         
  indigo.ts                        |     100 |      100 |     100 |     100 |                                                                                                         
  ink.ts                           |     100 |      100 |     100 |     100 |                                                                                                         
  light.ts                         |     100 |      100 |     100 |     100 |                                                                                                         
  rosewood.ts                      |     100 |      100 |     100 |     100 |                                                                                                         
  shared.ts                        |      90 |      100 |       0 |      90 | 78                                                                                                      
  yellow.ts                        |     100 |      100 |     100 |     100 |                                                                                                         
 utils                             |     100 |      100 |   83.33 |     100 |                                                                                                         
  composeMixins.ts                 |     100 |      100 |   66.66 |     100 |                                                                                                         
  download.ts                      |     100 |      100 |     100 |     100 |                                                                                                         
 utils/array/base                  |     100 |      100 |     100 |     100 |                                                                                                         
  duplicates.ts                    |     100 |      100 |     100 |     100 |                                                                                                         
  transform.ts                     |     100 |      100 |     100 |     100 |                                                                                                         
 utils/array/collection            |     100 |      100 |     100 |     100 |                                                                                                         
  chunk.ts                         |     100 |      100 |     100 |     100 |                                                                                                         
  flatten.ts                       |     100 |      100 |     100 |     100 |                                                                                                         
  groupBy.ts                       |     100 |      100 |     100 |     100 |                                                                                                         
 utils/array/random                |     100 |      100 |     100 |     100 |                                                                                                         
  sample.ts                        |     100 |      100 |     100 |     100 |                                                                                                         
  shuffle.ts                       |     100 |      100 |     100 |     100 |                                                                                                         
 utils/array/search                |     100 |      100 |     100 |     100 |                                                                                                         
  find.ts                          |     100 |      100 |     100 |     100 |                                                                                                         
  includes.ts                      |     100 |      100 |     100 |     100 |                                                                                                         
 utils/array/set                   |     100 |      100 |     100 |     100 |                                                                                                         
  difference.ts                    |     100 |      100 |     100 |     100 |                                                                                                         
  intersection.ts                  |     100 |      100 |     100 |     100 |                                                                                                         
  union.ts                         |     100 |      100 |     100 |     100 |                                                                                                         
 utils/array/sort                  |     100 |      100 |     100 |     100 |                                                                                                         
  sort.ts                          |     100 |      100 |     100 |     100 |                                                                                                         
  tree.ts                          |     100 |      100 |     100 |     100 |                                                                                                         
 utils/color                       |   98.34 |    90.74 |     100 |     100 |                                                                                                         
  generateColorShades.ts           |     100 |      100 |     100 |     100 |                                                                                                         
  hexToHsl.ts                      |     100 |    77.77 |     100 |     100 | 26,30                                                                                                   
  hexToRgb.ts                      |     100 |      100 |     100 |     100 |                                                                                                         
  hslToHex.ts                      |     100 |      100 |     100 |     100 |                                                                                                         
  hslToRgb.ts                      |   96.42 |    93.75 |     100 |     100 | 14                                                                                                      
  rgbToHex.ts                      |     100 |      100 |     100 |     100 |                                                                                                         
  rgbToHsl.ts                      |   97.05 |    88.88 |     100 |     100 | 32-46                                                                                                   
 utils/cookie                      |     100 |    95.23 |     100 |     100 |                                                                                                         
  get.ts                           |     100 |      100 |     100 |     100 |                                                                                                         
  getAll.ts                        |     100 |       80 |     100 |     100 | 16                                                                                                      
  getBoolean.ts                    |     100 |      100 |     100 |     100 |                                                                                                         
  getNumber.ts                     |     100 |      100 |     100 |     100 |                                                                                                         
  has.ts                           |     100 |      100 |     100 |     100 |                                                                                                         
  remove.ts                        |     100 |      100 |     100 |     100 |                                                                                                         
  set.ts                           |     100 |     92.3 |     100 |     100 | 65                                                                                                      
  setJson.ts                       |     100 |      100 |     100 |     100 |                                                                                                         
 utils/date                        |   99.53 |    92.68 |     100 |     100 |                                                                                                         
  calendar.ts                      |     100 |    83.33 |     100 |     100 | 119                                                                                                     
  datetime-picker.ts               |     100 |      100 |     100 |     100 |                                                                                                         
  format.ts                        |   98.18 |       90 |     100 |     100 | 90-163                                                                                                  
  utils.ts                         |     100 |      100 |     100 |     100 |                                                                                                         
 utils/date/calculation            |     100 |    85.71 |     100 |     100 |                                                                                                         
  days.ts                          |     100 |    66.66 |     100 |     100 | 37-53                                                                                                   
  months.ts                        |     100 |      100 |     100 |     100 |                                                                                                         
  quarters.ts                      |     100 |      100 |     100 |     100 |                                                                                                         
  years.ts                         |     100 |      100 |     100 |     100 |                                                                                                         
 utils/geometry                    |     100 |      100 |     100 |     100 |                                                                                                         
  align.ts                         |     100 |      100 |     100 |     100 |                                                                                                         
  clamp.ts                         |     100 |      100 |     100 |     100 |                                                                                                         
  point.ts                         |     100 |      100 |     100 |     100 |                                                                                                         
  rect.ts                          |     100 |      100 |     100 |     100 |                                                                                                         
  snap.ts                          |     100 |      100 |     100 |     100 |                                                                                                         
  vector.ts                        |     100 |      100 |     100 |     100 |                                                                                                         
 utils/geometry/transform          |     100 |      100 |     100 |     100 |                                                                                                         
  apply.ts                         |     100 |      100 |     100 |     100 |                                                                                                         
  matrix.ts                        |     100 |      100 |     100 |     100 |                                                                                                         
  rotate.ts                        |     100 |      100 |     100 |     100 |                                                                                                         
  scale.ts                         |     100 |      100 |     100 |     100 |                                                                                                         
  translate.ts                     |     100 |      100 |     100 |     100 |                                                                                                         
 utils/number                      |     100 |    94.44 |     100 |     100 |                                                                                                         
  base.ts                          |     100 |    83.33 |     100 |     100 | 19                                                                                                      
  format.ts                        |     100 |      100 |     100 |     100 |                                                                                                         
 utils/object                      |     100 |      100 |     100 |     100 |                                                                                                         
  base.ts                          |     100 |      100 |     100 |     100 |                                                                                                         
  clone.ts                         |     100 |      100 |     100 |     100 |                                                                                                         
  iterate.ts                       |     100 |      100 |     100 |     100 |                                                                                                         
  properties.ts                    |     100 |      100 |     100 |     100 |                                                                                                         
 utils/string                      |   99.35 |    98.64 |     100 |     100 |                                                                                                         
  base.ts                          |   95.65 |    85.71 |     100 |     100 | 62                                                                                                      
  css.ts                           |     100 |      100 |     100 |     100 |                                                                                                         
  format.ts                        |     100 |      100 |     100 |     100 |                                                                                                         
  id.ts                            |     100 |      100 |     100 |     100 |                                                                                                         
  plural.ts                        |     100 |      100 |     100 |     100 |                                                                                                         
 utils/time                        |   93.75 |       60 |     100 |     100 |                                                                                                         
  after.ts                         |    92.3 |       50 |     100 |     100 | 15                                                                                                      
  delay.ts                         |     100 |      100 |     100 |     100 |                                                                                                         
  repeat.ts                        |   93.75 |    66.66 |     100 |     100 | 14                                                                                                      
 utils/units                       |     100 |    94.73 |     100 |     100 |                                                                                                         
  angle.ts                         |     100 |      100 |     100 |     100 |                                                                                                         
  format.ts                        |     100 |      100 |     100 |     100 |                                                                                                         
  length.ts                        |     100 |      100 |     100 |     100 |                                                                                                         
  parse.ts                         |     100 |      100 |     100 |     100 |                                                                                                         
  percent.ts                       |     100 |      100 |     100 |     100 |                                                                                                         
  resolve.ts                       |     100 |    83.33 |     100 |     100 | 22                                                                                                      
  time.ts                          |     100 |      100 |     100 |     100 |                                                                                                         
 validation/core                   |   92.75 |    63.15 |     100 |     100 |                                                                                                         
  ValidatorRegistrar.ts            |   89.13 |    54.54 |     100 |     100 | 85-89                                                                                                   
  executor.ts                      |     100 |       50 |     100 |     100 | 64                                                                                                      
  validate.ts                      |     100 |    83.33 |     100 |     100 | 14                                                                                                      
 validation/engine                 |   94.59 |       75 |   83.33 |   96.96 |                                                                                                         
  validate.ts                      |   94.59 |       75 |   83.33 |   96.96 | 78                                                                                                      
 validation/errors                 |     100 |     87.5 |     100 |     100 |                                                                                                         
  DuplicateValidatorError.ts       |     100 |       50 |     100 |     100 | 21                                                                                                      
  ValidationError.ts               |     100 |      100 |     100 |     100 |                                                                                                         
  ValidationTypeNotDefinedError.ts |     100 |      100 |     100 |     100 |                                                                                                         
  ValidatorNotFoundError.ts        |     100 |      100 |     100 |     100 |                                                                                                         
  builder.ts                       |     100 |     87.5 |     100 |     100 | 366                                                                                                     
  codes.ts                         |     100 |      100 |     100 |     100 |                                                                                                         
 validation/processors/array       |    98.4 |    94.23 |     100 |     100 |                                                                                                         
  children.ts                      |     100 |      100 |     100 |     100 |                                                                                                         
  entries.ts                       |     100 |      100 |     100 |     100 |                                                                                                         
  excludes.ts                      |   94.11 |    83.33 |     100 |     100 | 13                                                                                                      
  includes.ts                      |   94.11 |    83.33 |     100 |     100 | 13                                                                                                      
  length.ts                        |     100 |      100 |     100 |     100 |                                                                                                         
  type.ts                          |     100 |      100 |     100 |     100 |                                                                                                         
  unique.ts                        |     100 |      100 |     100 |     100 |                                                                                                         
  uniqueBy.ts                      |     100 |     87.5 |     100 |     100 | 45                                                                                                      
 validation/processors/boolean     |     100 |      100 |     100 |     100 |                                                                                                         
  entries.ts                       |     100 |      100 |     100 |     100 |                                                                                                         
  type.ts                          |     100 |      100 |     100 |     100 |                                                                                                         
 validation/processors/common      |   98.63 |    97.61 |     100 |   98.52 |                                                                                                         
  context.ts                       |     100 |      100 |     100 |     100 |                                                                                                         
  entries.ts                       |     100 |      100 |     100 |     100 |                                                                                                         
  presence.ts                      |     100 |      100 |     100 |     100 |                                                                                                         
  rule-align.ts                    |     100 |      100 |     100 |     100 |                                                                                                         
  transform.ts                     |     100 |      100 |     100 |     100 |                                                                                                         
  trim.ts                          |      90 |     87.5 |     100 |   88.88 | 19                                                                                                      
 validation/processors/date        |     100 |      100 |     100 |     100 |                                                                                                         
  entries.ts                       |     100 |      100 |     100 |     100 |                                                                                                         
  excludes.ts                      |     100 |      100 |     100 |     100 |                                                                                                         
  includes.ts                      |     100 |      100 |     100 |     100 |                                                                                                         
  is.ts                            |     100 |      100 |     100 |     100 |                                                                                                         
  type.ts                          |     100 |      100 |     100 |     100 |                                                                                                         
  weekend.ts                       |     100 |      100 |     100 |     100 |                                                                                                         
 validation/processors/file        |   97.67 |    86.66 |     100 |   97.36 |                                                                                                         
  entries.ts                       |     100 |      100 |     100 |     100 |                                                                                                         
  file.ts                          |    97.5 |    86.66 |     100 |   97.14 | 78                                                                                                      
 validation/processors/format      |     100 |      100 |     100 |     100 |                                                                                                         
  entries.ts                       |     100 |      100 |     100 |     100 |                                                                                                         
  format.ts                        |     100 |      100 |     100 |     100 |                                                                                                         
 validation/processors/number      |     100 |      100 |     100 |     100 |                                                                                                         
  entries.ts                       |     100 |      100 |     100 |     100 |                                                                                                         
  excludes.ts                      |     100 |      100 |     100 |     100 |                                                                                                         
  includes.ts                      |     100 |      100 |     100 |     100 |                                                                                                         
  is.ts                            |     100 |      100 |     100 |     100 |                                                                                                         
  range.ts                         |     100 |      100 |     100 |     100 |                                                                                                         
  type.ts                          |     100 |      100 |     100 |     100 |                                                                                                         
 validation/processors/object      |     100 |    89.47 |     100 |     100 |                                                                                                         
  entries.ts                       |     100 |      100 |     100 |     100 |                                                                                                         
  properties.ts                    |     100 |      100 |     100 |     100 |                                                                                                         
  required-fields.ts               |     100 |    77.77 |     100 |     100 | 18,31                                                                                                   
  type.ts                          |     100 |      100 |     100 |     100 |                                                                                                         
 validation/processors/password    |     100 |      100 |     100 |     100 |                                                                                                         
  entries.ts                       |     100 |      100 |     100 |     100 |                                                                                                         
  password.ts                      |     100 |      100 |     100 |     100 |                                                                                                         
 validation/processors/split       |     100 |      100 |     100 |     100 |                                                                                                         
  entries.ts                       |     100 |      100 |     100 |     100 |                                                                                                         
  split.ts                         |     100 |      100 |     100 |     100 |                                                                                                         
 validation/processors/string      |   97.95 |    90.47 |     100 |   97.61 |                                                                                                         
  entries.ts                       |     100 |      100 |     100 |     100 |                                                                                                         
  excludes.ts                      |     100 |      100 |     100 |     100 |                                                                                                         
  includes.ts                      |     100 |      100 |     100 |     100 |                                                                                                         
  length.ts                        |    92.3 |       80 |     100 |    90.9 | 22                                                                                                      
  type.ts                          |     100 |      100 |     100 |     100 |                                                                                                         
 validation/types                  |     100 |      100 |     100 |     100 |                                                                                                         
  base.ts                          |     100 |      100 |     100 |     100 |                                                                                                         
  processor.ts                     |     100 |      100 |     100 |     100 |                                                                                                         
  validate.ts                      |     100 |      100 |     100 |     100 |                                                                                                         
 validation/utils                  |     100 |    98.27 |     100 |     100 |                                                                                                         
  compare.ts                       |     100 |    98.24 |     100 |     100 | 163                                                                                                     
  pattern.ts                       |     100 |      100 |     100 |     100 |                                                                                                         
-----------------------------------|---------|----------|---------|---------|---------------------------------------------------------------------------------------------------------
Summary of all failing tests
FAIL test/unit/component-core/engine/CompileEngine.test.ts
  ● CompileEngine › compile › 返回 CompileResult 结构

    expect(received).toBe(expected) // Object.is equality

    Expected: "<div><span></span></div>"
    Received: "<span></span>"

      23 |             const result: CompileResult = CompileEngine.compile(tpl);
      24 |
    > 25 |             expect(result.cache.html).toBe('<div><span></span></div>');
         |                                       ^
      26 |             expect(result.cache.indexPath['root']).toEqual([]);
      27 |             expect(result.cache.indexPath['text']).toEqual([0]);
      28 |             expect(result.cache.exposeNames).toContain('text');

      at Object.<anonymous> (test/unit/component-core/engine/CompileEngine.test.ts:25:39)

  ● CompileEngine › expandFragments › 递归展开嵌套 fragment

    expect(received).toBe(expected) // Object.is equality

    Expected: "outer:inner:deep"
    Received: undefined

      85 |             const result = CompileEngine.expandFragments(tpl);
      86 |             expect(result.children).toHaveLength(1);
    > 87 |             expect(result.children![0].name).toBe('outer:inner:deep');
         |                                              ^
      88 |         });
      89 |
      90 |         it('已有 children 时递归展开子节点', () => {

      at Object.<anonymous> (test/unit/component-core/engine/CompileEngine.test.ts:87:46)

  ● CompileEngine › compileTemplate › 编译简单模板生成 html + indexPath + nodeMetas

    expect(received).toBe(expected) // Object.is equality

    Expected: "<div><span></span></div>"
    Received: "<span></span>"

      124 |             const result = CompileEngine.compileTemplate(tpl, noopLogger);
      125 |
    > 126 |             expect(result.html).toBe('<div><span></span></div>');
          |                                 ^
      127 |             expect(result.indexPath['root']).toEqual([]);
      128 |             expect(result.indexPath['text']).toEqual([0]);
      129 |             expect(result.nodeMetas['root'].tag).toBe('div');

      at Object.<anonymous> (test/unit/component-core/engine/CompileEngine.test.ts:126:33)

  ● CompileEngine › compileTemplate › 嵌套超过3层时 warn

    expect(jest.fn()).toHaveBeenCalled()

    Expected number of calls: >= 1
    Received number of calls:    0

      235 |             CompileEngine.compileTemplate(tpl, { warn });
      236 |
    > 237 |             expect(warn).toHaveBeenCalled();
          |                          ^
      238 |         });
      239 |
      240 |         it('嵌套不超过3层时不 warn', () => {

      at Object.<anonymous> (test/unit/component-core/engine/CompileEngine.test.ts:237:26)

  ● CompileEngine › compileTemplate › 无 children 时 html 为空标签对

    expect(received).toBe(expected) // Object.is equality

    Expected: "<div></div>"
    Received: ""

      305 |             const result = CompileEngine.compileTemplate(tpl, noopLogger);
      306 |
    > 307 |             expect(result.html).toBe('<div></div>');
          |                                 ^
      308 |         });
      309 |
      310 |         it('type 节点 initConfig 传入 nodeMetas', () => {

      at Object.<anonymous> (test/unit/component-core/engine/CompileEngine.test.ts:307:33)

FAIL test/unit/utils/date/datetime-picker.test.ts
  ● datetime-picker › splitToDigits › should pad short year

    expect(received).toEqual(expected) // deep equality

    - Expected  - 1
    + Received  + 1

      Array [
        0,
        0,
    -   0,
    +   9,
        9,
      ]

      144 |
      145 |         it('should pad short year', () => {
    > 146 |             expect(splitToDigits(99)).toEqual([0, 0, 0, 9]);
          |                                       ^
      147 |         });
      148 |     });
      149 |

      at Object.<anonymous> (test/unit/utils/date/datetime-picker.test.ts:146:39)

FAIL test/unit/component-core/utils/template-compiler.test.ts
  ● Test suite failed to run

    Configuration error:

    Could not locate module @/component-core/engine/TemplateCompiler mapped as:
    D:\Workspace\projects\QimenJs\src\$1.

    Please check your configuration for these entries:
    {
      "moduleNameMapper": {
        "/^@\/(.*)$/": "D:\Workspace\projects\QimenJs\src\$1"
      },
      "resolver": undefined
    }

    > 1 | import { findByPath } from '@/component-core/engine/TemplateCompiler';
        | ^
      2 |
      3 | describe('template-compiler', () => {
      4 |     describe('findByPath', () => {

      at createNoMappedModuleFoundError (node_modules/.pnpm/jest-resolve@29.7.0/node_modules/jest-resolve/build/resolver.js:759:17)
      at Object.<anonymous> (test/unit/component-core/utils/template-compiler.test.ts:1:1)

FAIL test/unit/component-core/ComponentTypes.test.ts
  ● Test suite failed to run

    Configuration error:

    Could not locate module @/component-core/ComponentTypes mapped as:
    D:\Workspace\projects\QimenJs\src\$1.

    Please check your configuration for these entries:
    {
      "moduleNameMapper": {
        "/^@\/(.*)$/": "D:\Workspace\projects\QimenJs\src\$1"
      },
      "resolver": undefined
    }

    > 1 | import { ComponentTypes } from '@/component-core/ComponentTypes';
        | ^
      2 |
      3 | describe('ComponentTypes', () => {
      4 |     it('定义 BUTTON 常量', () => {

      at createNoMappedModuleFoundError (node_modules/.pnpm/jest-resolve@29.7.0/node_modules/jest-resolve/build/resolver.js:759:17)
      at Object.<anonymous> (test/unit/component-core/ComponentTypes.test.ts:1:1)

FAIL test/unit/component-core/ComponentRegistrar.test.ts
  ● Test suite failed to run

    Configuration error:

    Could not locate module @/component-core/ComponentRegistrar mapped as:
    D:\Workspace\projects\QimenJs\src\$1.

    Please check your configuration for these entries:
    {
      "moduleNameMapper": {
        "/^@\/(.*)$/": "D:\Workspace\projects\QimenJs\src\$1"
      },
      "resolver": undefined
    }

    > 1 | import { ComponentRegistrar } from '@/component-core/ComponentRegistrar';
        | ^
      2 |
      3 | class MockComponent {
      4 |     constructor(public props?: Record<string, any>) {}

      at createNoMappedModuleFoundError (node_modules/.pnpm/jest-resolve@29.7.0/node_modules/jest-resolve/build/resolver.js:759:17)
      at Object.<anonymous> (test/unit/component-core/ComponentRegistrar.test.ts:1:1)

FAIL test/unit/system-abilities/abilities.test.ts
  ● Test suite failed to run

    TypeError: composable_1.ComposableBase.with is not a function

      43 |
      44 | describe('EventAbility', () => {
    > 45 |     class TestEventHost extends ComposableBase.with([EventAbility]) {}
         |                                                    ^
      46 |
      47 |     let host: TestEventHost;
      48 |

      at test/unit/system-abilities/abilities.test.ts:45:52
      at Object.<anonymous> (test/unit/system-abilities/abilities.test.ts:44:1)

FAIL test/unit/component-core/engine/delegated-event-engine.test.ts
  ● Test suite failed to run

    Cannot find module '../ComponentRegistrar' from 'src/component-core/engine/DelegatedEventEngine.ts'

    Require stack:
      src/component-core/engine/DelegatedEventEngine.ts
      test/unit/component-core/engine/delegated-event-engine.test.ts

      22 | import { globalEventBus } from '@/events';
      23 | import { object } from '@/utils';
    > 24 | import { ComponentRegistrar } from '../ComponentRegistrar';
         | ^
      25 |
      26 | type EventDataType = 'handler' | 'emit' | 'bridge' | 'entity' | 'float' | 'router' | 'system';
      27 |

      at Resolver._throwModNotFoundError (node_modules/.pnpm/jest-resolve@29.7.0/node_modules/jest-resolve/build/resolver.js:427:11)
      at Object.require (src/component-core/engine/DelegatedEventEngine.ts:24:1)
      at Object.<anonymous> (test/unit/component-core/engine/delegated-event-engine.test.ts:1:1)

FAIL test/unit/component-abilities/MenuItemManageAbility.test.ts
  ● Test suite failed to run

    hash.worker must be run in a Worker thread

      17 |  */
      18 | if (!parentPort) {
    > 19 |     throw new Error('hash.worker must be run in a Worker thread');
         |           ^
      20 | }
      21 |
      22 | let hash: crypto.Hash | null = null;

      at Object.<anonymous> (src/task/hash-task/worker/HashWorker.ts:19:11)
      at Object.<anonymous> (src/task/hash-task/worker/index.ts:16:1)
      at Object.require (src/task/hash-task/factory.ts:2:1)
      at Object.<anonymous> (src/task/hash-task/index.ts:8:1)
      at Object.<anonymous> (src/task/index.ts:3:1)
      at Object.require (src/component-core/engine/pipeline/step-instantiate-child-components.ts:10:1)
      at Object.<anonymous> (src/component-core/engine/pipeline/index.ts:7:1)
      at Object.require (src/component-core/Component.ts:52:1)
      at Object.<anonymous> (src/component-core/index.ts:8:1)
      at Object.<anonymous> (test/unit/component-abilities/MenuItemManageAbility.test.ts:24:1)

FAIL test/unit/component-abilities/VirtualListAbility.test.ts
  ● Test suite failed to run

    hash.worker must be run in a Worker thread

      17 |  */
      18 | if (!parentPort) {
    > 19 |     throw new Error('hash.worker must be run in a Worker thread');
         |           ^
      20 | }
      21 |
      22 | let hash: crypto.Hash | null = null;

      at Object.<anonymous> (src/task/hash-task/worker/HashWorker.ts:19:11)
      at Object.<anonymous> (src/task/hash-task/worker/index.ts:16:1)
      at Object.require (src/task/hash-task/factory.ts:2:1)
      at Object.<anonymous> (src/task/hash-task/index.ts:8:1)
      at Object.<anonymous> (src/task/index.ts:3:1)
      at Object.require (src/component-core/engine/pipeline/step-instantiate-child-components.ts:10:1)
      at Object.<anonymous> (src/component-core/engine/pipeline/index.ts:7:1)
      at Object.require (src/component-core/Component.ts:52:1)
      at Object.<anonymous> (src/component-core/index.ts:8:1)
      at Object.<anonymous> (test/unit/component-abilities/VirtualListAbility.test.ts:24:1)

FAIL test/unit/component-core/Component.test.ts
  ● Test suite failed to run

    hash.worker must be run in a Worker thread

      17 |  */
      18 | if (!parentPort) {
    > 19 |     throw new Error('hash.worker must be run in a Worker thread');
         |           ^
      20 | }
      21 |
      22 | let hash: crypto.Hash | null = null;

      at Object.<anonymous> (src/task/hash-task/worker/HashWorker.ts:19:11)
      at Object.<anonymous> (src/task/hash-task/worker/index.ts:16:1)
      at Object.require (src/task/hash-task/factory.ts:2:1)
      at Object.<anonymous> (src/task/hash-task/index.ts:8:1)
      at Object.<anonymous> (src/task/index.ts:3:1)
      at Object.require (src/component-core/engine/pipeline/step-instantiate-child-components.ts:10:1)
      at Object.<anonymous> (src/component-core/engine/pipeline/index.ts:7:1)
      at Object.require (src/component-core/Component.ts:52:1)
      at Object.<anonymous> (test/unit/component-core/Component.test.ts:23:1)

FAIL test/unit/component-abilities/SizeAbility.test.ts
  ● Test suite failed to run

    hash.worker must be run in a Worker thread

      17 |  */
      18 | if (!parentPort) {
    > 19 |     throw new Error('hash.worker must be run in a Worker thread');
         |           ^
      20 | }
      21 |
      22 | let hash: crypto.Hash | null = null;

      at Object.<anonymous> (src/task/hash-task/worker/HashWorker.ts:19:11)
      at Object.<anonymous> (src/task/hash-task/worker/index.ts:16:1)
      at Object.require (src/task/hash-task/factory.ts:2:1)
      at Object.<anonymous> (src/task/hash-task/index.ts:8:1)
      at Object.<anonymous> (src/task/index.ts:3:1)
      at Object.require (src/component-core/engine/pipeline/step-instantiate-child-components.ts:10:1)
      at Object.<anonymous> (src/component-core/engine/pipeline/index.ts:7:1)
      at Object.require (src/component-core/Component.ts:52:1)
      at Object.<anonymous> (src/component-core/index.ts:8:1)
      at Object.<anonymous> (test/unit/component-abilities/SizeAbility.test.ts:23:1)

FAIL test/unit/component-abilities/ResizeAbility.test.ts
  ● Test suite failed to run

    hash.worker must be run in a Worker thread

      17 |  */
      18 | if (!parentPort) {
    > 19 |     throw new Error('hash.worker must be run in a Worker thread');
         |           ^
      20 | }
      21 |
      22 | let hash: crypto.Hash | null = null;

      at Object.<anonymous> (src/task/hash-task/worker/HashWorker.ts:19:11)
      at Object.<anonymous> (src/task/hash-task/worker/index.ts:16:1)
      at Object.require (src/task/hash-task/factory.ts:2:1)
      at Object.<anonymous> (src/task/hash-task/index.ts:8:1)
      at Object.<anonymous> (src/task/index.ts:3:1)
      at Object.require (src/component-core/engine/pipeline/step-instantiate-child-components.ts:10:1)
      at Object.<anonymous> (src/component-core/engine/pipeline/index.ts:7:1)
      at Object.require (src/component-core/Component.ts:52:1)
      at Object.<anonymous> (src/component-core/index.ts:8:1)
      at Object.<anonymous> (test/unit/component-abilities/ResizeAbility.test.ts:23:1)

FAIL test/unit/component-abilities/LocalDataAbility.test.ts
  ● Test suite failed to run

    hash.worker must be run in a Worker thread

      17 |  */
      18 | if (!parentPort) {
    > 19 |     throw new Error('hash.worker must be run in a Worker thread');
         |           ^
      20 | }
      21 |
      22 | let hash: crypto.Hash | null = null;

      at Object.<anonymous> (src/task/hash-task/worker/HashWorker.ts:19:11)
      at Object.<anonymous> (src/task/hash-task/worker/index.ts:16:1)
      at Object.require (src/task/hash-task/factory.ts:2:1)
      at Object.<anonymous> (src/task/hash-task/index.ts:8:1)
      at Object.<anonymous> (src/task/index.ts:3:1)
      at Object.require (src/component-core/engine/pipeline/step-instantiate-child-components.ts:10:1)
      at Object.<anonymous> (src/component-core/engine/pipeline/index.ts:7:1)
      at Object.require (src/component-core/Component.ts:52:1)
      at Object.<anonymous> (src/component-core/index.ts:8:1)
      at Object.<anonymous> (test/unit/component-abilities/LocalDataAbility.test.ts:38:1)

FAIL test/unit/component-abilities/ChildSlotAbility.test.ts
  ● Test suite failed to run

    hash.worker must be run in a Worker thread

      17 |  */
      18 | if (!parentPort) {
    > 19 |     throw new Error('hash.worker must be run in a Worker thread');
         |           ^
      20 | }
      21 |
      22 | let hash: crypto.Hash | null = null;

      at Object.<anonymous> (src/task/hash-task/worker/HashWorker.ts:19:11)
      at Object.<anonymous> (src/task/hash-task/worker/index.ts:16:1)
      at Object.require (src/task/hash-task/factory.ts:2:1)
      at Object.<anonymous> (src/task/hash-task/index.ts:8:1)
      at Object.<anonymous> (src/task/index.ts:3:1)
      at Object.require (src/component-core/engine/pipeline/step-instantiate-child-components.ts:10:1)
      at Object.<anonymous> (src/component-core/engine/pipeline/index.ts:7:1)
      at Object.require (src/component-core/Component.ts:52:1)
      at Object.<anonymous> (src/component-core/index.ts:8:1)
      at Object.<anonymous> (test/unit/component-abilities/ChildSlotAbility.test.ts:23:1)

FAIL test/unit/component-abilities/GroupSelectAbility.test.ts
  ● Test suite failed to run

    hash.worker must be run in a Worker thread

      17 |  */
      18 | if (!parentPort) {
    > 19 |     throw new Error('hash.worker must be run in a Worker thread');
         |           ^
      20 | }
      21 |
      22 | let hash: crypto.Hash | null = null;

      at Object.<anonymous> (src/task/hash-task/worker/HashWorker.ts:19:11)
      at Object.<anonymous> (src/task/hash-task/worker/index.ts:16:1)
      at Object.require (src/task/hash-task/factory.ts:2:1)
      at Object.<anonymous> (src/task/hash-task/index.ts:8:1)
      at Object.<anonymous> (src/task/index.ts:3:1)
      at Object.require (src/component-core/engine/pipeline/step-instantiate-child-components.ts:10:1)
      at Object.<anonymous> (src/component-core/engine/pipeline/index.ts:7:1)
      at Object.require (src/component-core/Component.ts:52:1)
      at Object.<anonymous> (src/component-core/index.ts:8:1)
      at Object.<anonymous> (test/unit/component-abilities/GroupSelectAbility.test.ts:24:1)

FAIL test/unit/component/TipsComponent.test.ts
  ● Test suite failed to run

    hash.worker must be run in a Worker thread

      17 |  */
      18 | if (!parentPort) {
    > 19 |     throw new Error('hash.worker must be run in a Worker thread');
         |           ^
      20 | }
      21 |
      22 | let hash: crypto.Hash | null = null;

      at Object.<anonymous> (src/task/hash-task/worker/HashWorker.ts:19:11)
      at Object.<anonymous> (src/task/hash-task/worker/index.ts:16:1)
      at Object.require (src/task/hash-task/factory.ts:2:1)
      at Object.<anonymous> (src/task/hash-task/index.ts:8:1)
      at Object.<anonymous> (src/task/index.ts:3:1)
      at Object.require (src/component-core/engine/pipeline/step-instantiate-child-components.ts:10:1)
      at Object.<anonymous> (src/component-core/engine/pipeline/index.ts:7:1)
      at Object.require (src/component-core/Component.ts:52:1)
      at Object.<anonymous> (src/component-core/index.ts:8:1)
      at Object.require (src/component/tips/TipsComponent.ts:14:1)
      at Object.<anonymous> (test/unit/component/TipsComponent.test.ts:23:1)

FAIL test/unit/component-abilities/AnimationAbility.test.ts
  ● Test suite failed to run

    hash.worker must be run in a Worker thread

      17 |  */
      18 | if (!parentPort) {
    > 19 |     throw new Error('hash.worker must be run in a Worker thread');
         |           ^
      20 | }
      21 |
      22 | let hash: crypto.Hash | null = null;

      at Object.<anonymous> (src/task/hash-task/worker/HashWorker.ts:19:11)
      at Object.<anonymous> (src/task/hash-task/worker/index.ts:16:1)
      at Object.require (src/task/hash-task/factory.ts:2:1)
      at Object.<anonymous> (src/task/hash-task/index.ts:8:1)
      at Object.<anonymous> (src/task/index.ts:3:1)
      at Object.require (src/component-core/engine/pipeline/step-instantiate-child-components.ts:10:1)
      at Object.<anonymous> (src/component-core/engine/pipeline/index.ts:7:1)
      at Object.require (src/component-core/Component.ts:52:1)
      at Object.<anonymous> (src/component-core/index.ts:8:1)
      at Object.<anonymous> (test/unit/component-abilities/AnimationAbility.test.ts:23:1)

FAIL test/unit/component-abilities/ArrowAbility.test.ts
  ● Test suite failed to run

    hash.worker must be run in a Worker thread

      17 |  */
      18 | if (!parentPort) {
    > 19 |     throw new Error('hash.worker must be run in a Worker thread');
         |           ^
      20 | }
      21 |
      22 | let hash: crypto.Hash | null = null;

      at Object.<anonymous> (src/task/hash-task/worker/HashWorker.ts:19:11)
      at Object.<anonymous> (src/task/hash-task/worker/index.ts:16:1)
      at Object.require (src/task/hash-task/factory.ts:2:1)
      at Object.<anonymous> (src/task/hash-task/index.ts:8:1)
      at Object.<anonymous> (src/task/index.ts:3:1)
      at Object.require (src/component-core/engine/pipeline/step-instantiate-child-components.ts:10:1)
      at Object.<anonymous> (src/component-core/engine/pipeline/index.ts:7:1)
      at Object.require (src/component-core/Component.ts:52:1)
      at Object.<anonymous> (src/component-core/index.ts:8:1)
      at Object.<anonymous> (test/unit/component-abilities/ArrowAbility.test.ts:24:1)

FAIL test/unit/component/RouteContainerComponent.test.ts
  ● Test suite failed to run

    hash.worker must be run in a Worker thread

      17 |  */
      18 | if (!parentPort) {
    > 19 |     throw new Error('hash.worker must be run in a Worker thread');
         |           ^
      20 | }
      21 |
      22 | let hash: crypto.Hash | null = null;

      at Object.<anonymous> (src/task/hash-task/worker/HashWorker.ts:19:11)
      at Object.<anonymous> (src/task/hash-task/worker/index.ts:16:1)
      at Object.require (src/task/hash-task/factory.ts:2:1)
      at Object.<anonymous> (src/task/hash-task/index.ts:8:1)
      at Object.<anonymous> (src/task/index.ts:3:1)
      at Object.require (src/component-core/engine/pipeline/step-instantiate-child-components.ts:10:1)
      at Object.<anonymous> (src/component-core/engine/pipeline/index.ts:7:1)
      at Object.require (src/component-core/Component.ts:52:1)
      at Object.<anonymous> (src/component-core/index.ts:8:1)
      at Object.require (src/component/nav/RouteContainerComponent.ts:8:1)
      at Object.<anonymous> (test/unit/component/RouteContainerComponent.test.ts:26:1)

FAIL test/unit/component/ToolbarComponent.test.ts
  ● Test suite failed to run

    hash.worker must be run in a Worker thread

      17 |  */
      18 | if (!parentPort) {
    > 19 |     throw new Error('hash.worker must be run in a Worker thread');
         |           ^
      20 | }
      21 |
      22 | let hash: crypto.Hash | null = null;

      at Object.<anonymous> (src/task/hash-task/worker/HashWorker.ts:19:11)
      at Object.<anonymous> (src/task/hash-task/worker/index.ts:16:1)
      at Object.require (src/task/hash-task/factory.ts:2:1)
      at Object.<anonymous> (src/task/hash-task/index.ts:8:1)
      at Object.<anonymous> (src/task/index.ts:3:1)
      at Object.require (src/component-core/engine/pipeline/step-instantiate-child-components.ts:10:1)
      at Object.<anonymous> (src/component-core/engine/pipeline/index.ts:7:1)
      at Object.require (src/component-core/Component.ts:52:1)
      at Object.<anonymous> (src/component-core/index.ts:8:1)
      at Object.require (src/component/itemgroup/ItemGroupBaseComponent.ts:6:1)
      at Object.require (src/component/itemgroup/ItemGroupStaticComponent.ts:6:1)
      at Object.require (src/component/toolbar/ToolbarComponent.ts:1:1)
      at Object.<anonymous> (test/unit/component/ToolbarComponent.test.ts:24:1)

FAIL test/unit/component/RouteNavComponent.test.ts
  ● Test suite failed to run

    hash.worker must be run in a Worker thread

      17 |  */
      18 | if (!parentPort) {
    > 19 |     throw new Error('hash.worker must be run in a Worker thread');
         |           ^
      20 | }
      21 |
      22 | let hash: crypto.Hash | null = null;

      at Object.<anonymous> (src/task/hash-task/worker/HashWorker.ts:19:11)
      at Object.<anonymous> (src/task/hash-task/worker/index.ts:16:1)
      at Object.require (src/task/hash-task/factory.ts:2:1)
      at Object.<anonymous> (src/task/hash-task/index.ts:8:1)
      at Object.<anonymous> (src/task/index.ts:3:1)
      at Object.require (src/component-core/engine/pipeline/step-instantiate-child-components.ts:10:1)
      at Object.<anonymous> (src/component-core/engine/pipeline/index.ts:7:1)
      at Object.require (src/component-core/Component.ts:52:1)
      at Object.<anonymous> (src/component-core/index.ts:8:1)
      at Object.require (src/component/itemgroup/ItemGroupBaseComponent.ts:6:1)
      at Object.require (src/component/itemgroup/ItemGroupPooledComponent.ts:6:1)
      at Object.require (src/component/nav/NavItemGroupComponent.ts:1:1)
      at Object.require (src/component/nav/RouteNavComponent.ts:9:1)
      at Object.<anonymous> (test/unit/component/RouteNavComponent.test.ts:25:1)

FAIL test/unit/component/NavItemComponent.test.ts
  ● Test suite failed to run

    hash.worker must be run in a Worker thread

      17 |  */
      18 | if (!parentPort) {
    > 19 |     throw new Error('hash.worker must be run in a Worker thread');
         |           ^
      20 | }
      21 |
      22 | let hash: crypto.Hash | null = null;

      at Object.<anonymous> (src/task/hash-task/worker/HashWorker.ts:19:11)
      at Object.<anonymous> (src/task/hash-task/worker/index.ts:16:1)
      at Object.require (src/task/hash-task/factory.ts:2:1)
      at Object.<anonymous> (src/task/hash-task/index.ts:8:1)
      at Object.<anonymous> (src/task/index.ts:3:1)
      at Object.require (src/component-core/engine/pipeline/step-instantiate-child-components.ts:10:1)
      at Object.<anonymous> (src/component-core/engine/pipeline/index.ts:7:1)
      at Object.require (src/component-core/Component.ts:52:1)
      at Object.<anonymous> (src/component-core/index.ts:8:1)
      at Object.require (src/component/nav/NavItemComponent.ts:18:1)
      at Object.<anonymous> (test/unit/component/NavItemComponent.test.ts:20:1)

FAIL test/unit/component/NavItemComponent.overlay.test.ts
  ● Test suite failed to run

    hash.worker must be run in a Worker thread

      17 |  */
      18 | if (!parentPort) {
    > 19 |     throw new Error('hash.worker must be run in a Worker thread');
         |           ^
      20 | }
      21 |
      22 | let hash: crypto.Hash | null = null;

      at Object.<anonymous> (src/task/hash-task/worker/HashWorker.ts:19:11)
      at Object.<anonymous> (src/task/hash-task/worker/index.ts:16:1)
      at Object.require (src/task/hash-task/factory.ts:2:1)
      at Object.<anonymous> (src/task/hash-task/index.ts:8:1)
      at Object.<anonymous> (src/task/index.ts:3:1)
      at Object.require (src/component-core/engine/pipeline/step-instantiate-child-components.ts:10:1)
      at Object.<anonymous> (src/component-core/engine/pipeline/index.ts:7:1)
      at Object.require (src/component-core/Component.ts:52:1)
      at Object.<anonymous> (src/component-core/index.ts:8:1)
      at Object.require (src/component/nav/NavItemComponent.ts:18:1)
      at Object.<anonymous> (test/unit/component/NavItemComponent.overlay.test.ts:24:1)

FAIL test/unit/component/NavItemGroupComponent.test.ts
  ● Test suite failed to run

    hash.worker must be run in a Worker thread

      17 |  */
      18 | if (!parentPort) {
    > 19 |     throw new Error('hash.worker must be run in a Worker thread');
         |           ^
      20 | }
      21 |
      22 | let hash: crypto.Hash | null = null;

      at Object.<anonymous> (src/task/hash-task/worker/HashWorker.ts:19:11)
      at Object.<anonymous> (src/task/hash-task/worker/index.ts:16:1)
      at Object.require (src/task/hash-task/factory.ts:2:1)
      at Object.<anonymous> (src/task/hash-task/index.ts:8:1)
      at Object.<anonymous> (src/task/index.ts:3:1)
      at Object.require (src/component-core/engine/pipeline/step-instantiate-child-components.ts:10:1)
      at Object.<anonymous> (src/component-core/engine/pipeline/index.ts:7:1)
      at Object.require (src/component-core/Component.ts:52:1)
      at Object.<anonymous> (src/component-core/index.ts:8:1)
      at Object.require (src/component/itemgroup/ItemGroupBaseComponent.ts:6:1)
      at Object.require (src/component/itemgroup/ItemGroupPooledComponent.ts:6:1)
      at Object.require (src/component/nav/NavItemGroupComponent.ts:1:1)
      at Object.<anonymous> (test/unit/component/NavItemGroupComponent.test.ts:20:1)

FAIL test/unit/component/MenuItemComponent.test.ts
  ● Test suite failed to run

    hash.worker must be run in a Worker thread

      17 |  */
      18 | if (!parentPort) {
    > 19 |     throw new Error('hash.worker must be run in a Worker thread');
         |           ^
      20 | }
      21 |
      22 | let hash: crypto.Hash | null = null;

      at Object.<anonymous> (src/task/hash-task/worker/HashWorker.ts:19:11)
      at Object.<anonymous> (src/task/hash-task/worker/index.ts:16:1)
      at Object.require (src/task/hash-task/factory.ts:2:1)
      at Object.<anonymous> (src/task/hash-task/index.ts:8:1)
      at Object.<anonymous> (src/task/index.ts:3:1)
      at Object.require (src/component-core/engine/pipeline/step-instantiate-child-components.ts:10:1)
      at Object.<anonymous> (src/component-core/engine/pipeline/index.ts:7:1)
      at Object.require (src/component-core/Component.ts:52:1)
      at Object.<anonymous> (src/component-core/index.ts:8:1)
      at Object.require (src/component/menu/MenuItemComponent.ts:24:1)
      at Object.<anonymous> (test/unit/component/MenuItemComponent.test.ts:24:1)

FAIL test/unit/component/MenuItemComponent.hover.test.ts
  ● Test suite failed to run

    hash.worker must be run in a Worker thread

      17 |  */
      18 | if (!parentPort) {
    > 19 |     throw new Error('hash.worker must be run in a Worker thread');
         |           ^
      20 | }
      21 |
      22 | let hash: crypto.Hash | null = null;

      at Object.<anonymous> (src/task/hash-task/worker/HashWorker.ts:19:11)
      at Object.<anonymous> (src/task/hash-task/worker/index.ts:16:1)
      at Object.require (src/task/hash-task/factory.ts:2:1)
      at Object.<anonymous> (src/task/hash-task/index.ts:8:1)
      at Object.<anonymous> (src/task/index.ts:3:1)
      at Object.require (src/component-core/engine/pipeline/step-instantiate-child-components.ts:10:1)
      at Object.<anonymous> (src/component-core/engine/pipeline/index.ts:7:1)
      at Object.require (src/component-core/Component.ts:52:1)
      at Object.<anonymous> (src/component-core/index.ts:8:1)
      at Object.require (src/component/menu/MenuItemComponent.ts:24:1)
      at Object.<anonymous> (test/unit/component/MenuItemComponent.hover.test.ts:23:1)

FAIL test/unit/component/ButtonComponent.update.test.ts
  ● Test suite failed to run

    hash.worker must be run in a Worker thread

      17 |  */
      18 | if (!parentPort) {
    > 19 |     throw new Error('hash.worker must be run in a Worker thread');
         |           ^
      20 | }
      21 |
      22 | let hash: crypto.Hash | null = null;

      at Object.<anonymous> (src/task/hash-task/worker/HashWorker.ts:19:11)
      at Object.<anonymous> (src/task/hash-task/worker/index.ts:16:1)
      at Object.require (src/task/hash-task/factory.ts:2:1)
      at Object.<anonymous> (src/task/hash-task/index.ts:8:1)
      at Object.<anonymous> (src/task/index.ts:3:1)
      at Object.require (src/component-core/engine/pipeline/step-instantiate-child-components.ts:10:1)
      at Object.<anonymous> (src/component-core/engine/pipeline/index.ts:7:1)
      at Object.require (src/component-core/Component.ts:52:1)
      at Object.<anonymous> (src/component-core/index.ts:8:1)
      at Object.require (src/component/button/ButtonComponent.ts:20:1)
      at Object.<anonymous> (test/unit/component/ButtonComponent.update.test.ts:23:1)

FAIL test/unit/component/ItemGroupComponent.test.ts
  ● Test suite failed to run

    hash.worker must be run in a Worker thread

      17 |  */
      18 | if (!parentPort) {
    > 19 |     throw new Error('hash.worker must be run in a Worker thread');
         |           ^
      20 | }
      21 |
      22 | let hash: crypto.Hash | null = null;

      at Object.<anonymous> (src/task/hash-task/worker/HashWorker.ts:19:11)
      at Object.<anonymous> (src/task/hash-task/worker/index.ts:16:1)
      at Object.require (src/task/hash-task/factory.ts:2:1)
      at Object.<anonymous> (src/task/hash-task/index.ts:8:1)
      at Object.<anonymous> (src/task/index.ts:3:1)
      at Object.require (src/component-core/engine/pipeline/step-instantiate-child-components.ts:10:1)
      at Object.<anonymous> (src/component-core/engine/pipeline/index.ts:7:1)
      at Object.require (src/component-core/Component.ts:52:1)
      at Object.<anonymous> (src/component-core/index.ts:8:1)
      at Object.require (src/component/itemgroup/ItemGroupBaseComponent.ts:6:1)
      at Object.require (src/component/itemgroup/ItemGroupPooledComponent.ts:6:1)
      at Object.<anonymous> (test/unit/component/ItemGroupComponent.test.ts:24:1)

FAIL test/unit/component/ButtonComponent.test.ts
  ● Test suite failed to run

    hash.worker must be run in a Worker thread

      17 |  */
      18 | if (!parentPort) {
    > 19 |     throw new Error('hash.worker must be run in a Worker thread');
         |           ^
      20 | }
      21 |
      22 | let hash: crypto.Hash | null = null;

      at Object.<anonymous> (src/task/hash-task/worker/HashWorker.ts:19:11)
      at Object.<anonymous> (src/task/hash-task/worker/index.ts:16:1)
      at Object.require (src/task/hash-task/factory.ts:2:1)
      at Object.<anonymous> (src/task/hash-task/index.ts:8:1)
      at Object.<anonymous> (src/task/index.ts:3:1)
      at Object.require (src/component-core/engine/pipeline/step-instantiate-child-components.ts:10:1)
      at Object.<anonymous> (src/component-core/engine/pipeline/index.ts:7:1)
      at Object.require (src/component-core/Component.ts:52:1)
      at Object.<anonymous> (src/component-core/index.ts:8:1)
      at Object.require (src/component/button/ButtonComponent.ts:20:1)
      at Object.<anonymous> (test/unit/component/ButtonComponent.test.ts:23:1)

FAIL test/unit/component/BadgeComponent.test.ts
  ● Test suite failed to run

    hash.worker must be run in a Worker thread

      17 |  */
      18 | if (!parentPort) {
    > 19 |     throw new Error('hash.worker must be run in a Worker thread');
         |           ^
      20 | }
      21 |
      22 | let hash: crypto.Hash | null = null;

      at Object.<anonymous> (src/task/hash-task/worker/HashWorker.ts:19:11)
      at Object.<anonymous> (src/task/hash-task/worker/index.ts:16:1)
      at Object.require (src/task/hash-task/factory.ts:2:1)
      at Object.<anonymous> (src/task/hash-task/index.ts:8:1)
      at Object.<anonymous> (src/task/index.ts:3:1)
      at Object.require (src/component-core/engine/pipeline/step-instantiate-child-components.ts:10:1)
      at Object.<anonymous> (src/component-core/engine/pipeline/index.ts:7:1)
      at Object.require (src/component-core/Component.ts:52:1)
      at Object.<anonymous> (src/component-core/index.ts:8:1)
      at Object.require (src/component/badge/BadgeComponent.ts:11:1)
      at Object.<anonymous> (test/unit/component/BadgeComponent.test.ts:20:1)

FAIL test/unit/component/BadgeComponent.onOverlayChange.test.ts
  ● Test suite failed to run

    hash.worker must be run in a Worker thread

      17 |  */
      18 | if (!parentPort) {
    > 19 |     throw new Error('hash.worker must be run in a Worker thread');
         |           ^
      20 | }
      21 |
      22 | let hash: crypto.Hash | null = null;

      at Object.<anonymous> (src/task/hash-task/worker/HashWorker.ts:19:11)
      at Object.<anonymous> (src/task/hash-task/worker/index.ts:16:1)
      at Object.require (src/task/hash-task/factory.ts:2:1)
      at Object.<anonymous> (src/task/hash-task/index.ts:8:1)
      at Object.<anonymous> (src/task/index.ts:3:1)
      at Object.require (src/component-core/engine/pipeline/step-instantiate-child-components.ts:10:1)
      at Object.<anonymous> (src/component-core/engine/pipeline/index.ts:7:1)
      at Object.require (src/component-core/Component.ts:52:1)
      at Object.<anonymous> (src/component-core/index.ts:8:1)
      at Object.require (src/component/badge/BadgeComponent.ts:11:1)
      at Object.<anonymous> (test/unit/component/BadgeComponent.onOverlayChange.test.ts:23:1)

FAIL test/unit/component/MenuComponent.test.ts
  ● Test suite failed to run

    hash.worker must be run in a Worker thread

      17 |  */
      18 | if (!parentPort) {
    > 19 |     throw new Error('hash.worker must be run in a Worker thread');
         |           ^
      20 | }
      21 |
      22 | let hash: crypto.Hash | null = null;

      at Object.<anonymous> (src/task/hash-task/worker/HashWorker.ts:19:11)
      at Object.<anonymous> (src/task/hash-task/worker/index.ts:16:1)
      at Object.require (src/task/hash-task/factory.ts:2:1)
      at Object.<anonymous> (src/task/hash-task/index.ts:8:1)
      at Object.<anonymous> (src/task/index.ts:3:1)
      at Object.require (src/component-core/engine/pipeline/step-instantiate-child-components.ts:10:1)
      at Object.<anonymous> (src/component-core/engine/pipeline/index.ts:7:1)
      at Object.require (src/component-core/Component.ts:52:1)
      at Object.<anonymous> (src/component-core/index.ts:8:1)
      at Object.require (src/component/itemgroup/ItemGroupBaseComponent.ts:6:1)
      at Object.require (src/component/itemgroup/ItemGroupStaticComponent.ts:6:1)
      at Object.require (src/component/menu/MenuComponent.ts:1:1)
      at Object.<anonymous> (test/unit/component/MenuComponent.test.ts:24:1)

FAIL test/integration/composable/AbilityInjection.integration.test.ts
  ● Test suite failed to run

    TypeError: composable_1.ComposableBase.with is not a function

      67 | // ============================================
      68 |
    > 69 | const TestOverrideManagerBase = ComposableBase.with([AbilityA, AbilityB]);
         |                                                    ^
      70 | class TestOverrideManager extends TestOverrideManagerBase {}
      71 |
      72 | const TestHostDisposeManagerBase = ComposableBase.with([AbilityWithDispose]);

      at Object.<anonymous> (test/integration/composable/AbilityInjection.integration.test.ts:69:52)


Test Suites: 33 failed, 274 passed, 307 total
Tests:       6 failed, 3395 passed, 3401 total
Snapshots:   0 total
Time:        17.381 s
Ran all test suites.
