src/component/dropdown/DropdownComponent.ts(42,27): error TS2554: Expected 0 arguments, but got 1.
test/unit/component-abilities/GroupSelectAbility.test.ts(226,18): error TS2339: Property 'registerGroupItem' does not exist on type '{ setAbilityState: Mock<Map<any, any>, [key: string, val: any], any>; abilityState: Mock<any, [key: string], any>; }'.
test/unit/component-core/abilities/AnimationAbility.test.ts(46,13): error TS2322: Type 'Mock<{ finished: Promise<void>; }, [], any>' is not assignable to type '(keyframes: Keyframe[] | PropertyIndexedKeyframes | null, options?: number | KeyframeAnimationOptions | undefined) => Animation'.
  Type '{ finished: Promise<void>; }' is missing the following properties from type 'Animation': currentTime, effect, id, oncancel, and 20 more.
test/unit/component-core/abilities/AnimationAbility.test.ts(50,22): error TS2339: Property 'playEnter' does not exist on type '{ el: HTMLDivElement; constructor: { _animation: { enter: string; duration: number; }; }; }'.
test/unit/component-core/abilities/AnimationAbility.test.ts(76,22): error TS2339: Property 'playEnter' does not exist on type '{ el: HTMLDivElement; constructor: { _animation: { enter: string; enterKeyframes: { opacity: number; }[]; duration: number; }; }; }'.
test/unit/component-core/abilities/AnimationAbility.test.ts(87,22): error TS2339: Property 'playEnter' does not exist on type '{ el: HTMLDivElement; constructor: { _animation: { enter: string; easing: string; }; }; }'.
test/unit/component-core/abilities/AnimationAbility.test.ts(139,13): error TS2322: Type 'Mock<{ finished: Promise<void>; }, [], any>' is not assignable to type '(keyframes: Keyframe[] | PropertyIndexedKeyframes | null, options?: number | KeyframeAnimationOptions | undefined) => Animation'.
  Type '{ finished: Promise<void>; }' is missing the following properties from type 'Animation': currentTime, effect, id, oncancel, and 20 more.
test/unit/component-core/abilities/AnimationAbility.test.ts(143,37): error TS2339: Property 'playLeave' does not exist on type '{ el: HTMLDivElement; constructor: { _animation: { leave: string; duration: number; }; }; }'.
test/unit/component-core/abilities/AnimationAbility.test.ts(159,13): error TS2322: Type 'Mock<{ finished: Promise<void>; }, [], any>' is not assignable to type '(keyframes: Keyframe[] | PropertyIndexedKeyframes | null, options?: number | KeyframeAnimationOptions | undefined) => Animation'.
  Type '{ finished: Promise<void>; }' is missing the following properties from type 'Animation': currentTime, effect, id, oncancel, and 20 more.
test/unit/component-core/abilities/AnimationAbility.test.ts(170,22): error TS2339: Property 'playLeave' does not exist on type '{ el: HTMLDivElement; constructor: { _animation: { leave: string; leaveKeyframes: { opacity: number; }[]; duration: number; }; }; }'.
test/unit/component-core/abilities/DragAbility.test.ts(374,60): error TS2322: Type '"z"' is not assignable to type '"x" | "y" | "both" | undefined'.
test/unit/component-core/abilities/NodePropAbility.test.ts(584,29): error TS2339: Property '_dirtyNodes' does not exist on type '{ debounce: Mock<() => void, [], any>; }'.
test/unit/component-core/engine/ChildEventsEngine.test.ts(68,45): error TS2339: Property 'mockReturnValueOnce' does not exist on type '(listens: ListenItem[]) => { node: string; events: Record<string, EventMapping>; }[]'.
test/unit/component-core/engine/ChildEventsEngine.test.ts(79,45): error TS2339: Property 'mockReturnValueOnce' does not exist on type '(listens: ListenItem[]) => { node: string; events: Record<string, EventMapping>; }[]'.
test/unit/component-core/engine/ChildEventsEngine.test.ts(84,45): error TS2339: Property 'mockReturnValueOnce' does not exist on type '(listens: ListenItem[]) => { node: string; events: Record<string, EventMapping>; }[]'.
test/unit/component-core/engine/ChildNodePropsEngine.test.ts(25,41): error TS2322: Type '"text"' is not assignable to type '"link" | "value" | "html" | "src" | undefined'.
test/unit/component-core/engine/ChildNodePropsEngine.test.ts(44,41): error TS2322: Type '"text"' is not assignable to type '"link" | "value" | "html" | "src" | undefined'.
test/unit/component-core/engine/ChildNodePropsEngine.test.ts(60,41): error TS2322: Type '"text"' is not assignable to type '"link" | "value" | "html" | "src" | undefined'.
test/unit/component-core/engine/ChildNodePropsEngine.test.ts(92,41): error TS2322: Type '"text"' is not assignable to type '"link" | "value" | "html" | "src" | undefined'.
test/unit/component-core/engine/ChildNodePropsEngine.test.ts(103,41): error TS2322: Type '"text"' is not assignable to type '"link" | "value" | "html" | "src" | undefined'.
test/unit/component-core/engine/ChildNodePropsEngine.test.ts(140,41): error TS2322: Type '"text"' is not assignable to type '"link" | "value" | "html" | "src" | undefined'.
test/unit/component-core/engine/ChildNodePropsEngine.test.ts(170,41): error TS2322: Type '"text"' is not assignable to type '"link" | "value" | "html" | "src" | undefined'.
test/unit/component-core/engine/ChildNodePropsEngine.test.ts(186,41): error TS2322: Type '"text"' is not assignable to type '"link" | "value" | "html" | "src" | undefined'.
test/unit/component-core/engine/ChildNodePropsEngine.test.ts(205,41): error TS2322: Type '"text"' is not assignable to type '"link" | "value" | "html" | "src" | undefined'.
test/unit/component-core/engine/ChildNodePropsEngine.test.ts(223,41): error TS2322: Type '"text"' is not assignable to type '"link" | "value" | "html" | "src" | undefined'.
test/unit/component-core/engine/ChildNodePropsEngine.test.ts(244,41): error TS2322: Type '"text"' is not assignable to type '"link" | "value" | "html" | "src" | undefined'.
test/unit/component-core/engine/ChildNodePropsEngine.test.ts(266,41): error TS2322: Type '"text"' is not assignable to type '"link" | "value" | "html" | "src" | undefined'.
test/unit/component-core/engine/ChildNodePropsEngine.test.ts(330,53): error TS2322: Type 'string' is not assignable to type '"link" | "value" | "html" | "src" | undefined'.
test/unit/component-core/engine/ChildNodePropsEngine.test.ts(344,39): error TS2322: Type '"text"' is not assignable to type '"link" | "value" | "html" | "src" | undefined'.
test/unit/component-core/engine/ChildNodePropsEngine.test.ts(355,35): error TS2322: Type '"text"' is not assignable to type '"link" | "value" | "html" | "src" | undefined'.
test/unit/component-core/engine/ChildNodePropsEngine.test.ts(452,41): error TS2322: Type '"text"' is not assignable to type '"link" | "value" | "html" | "src" | undefined'.
test/unit/component-core/engine/ChildNodePropsEngine.test.ts(464,41): error TS2322: Type '"text"' is not assignable to type '"link" | "value" | "html" | "src" | undefined'.
test/unit/component-core/engine/ChildNodePropsEngine.test.ts(489,41): error TS2322: Type '"text"' is not assignable to type '"link" | "value" | "html" | "src" | undefined'.
test/unit/component-core/engine/ChildNodePropsEngine.test.ts(540,41): error TS2322: Type '"text"' is not assignable to type '"link" | "value" | "html" | "src" | undefined'.
test/unit/component-core/engine/CompileEngine.test.ts(283,58): error TS2345: Argument of type '{ tag: string; children: { tag: string; name: string; hidden: boolean; hiddenMode: string; role: string; attrs: { 'aria-label': string; }; }[]; }' is not assignable to parameter of type 'TplNode'.
  Types of property 'children' are incompatible.
    Type '{ tag: string; name: string; hidden: boolean; hiddenMode: string; role: string; attrs: { 'aria-label': string; }; }[]' is not assignable to type 'TplNode[]'.
      Type '{ tag: string; name: string; hidden: boolean; hiddenMode: string; role: string; attrs: { 'aria-label': string; }; }' is not assignable to type 'TplNode'.
        Types of property 'hiddenMode' are incompatible.
          Type 'string' is not assignable to type 'HiddenMode | undefined'.
test/unit/component-core/engine/CompileEngine.test.ts(338,46): error TS2339: Property 'text' does not exist on type 'NodeMetadata'.
test/unit/component-core/engine/DomEventsEngine.test.ts(390,24): error TS18048: 'rootRule' is possibly 'undefined'.
test/unit/component-core/engine/DomEventsEngine.test.ts(392,24): error TS18048: 'closeBtnRule' is possibly 'undefined'.
test/unit/component-core/engine/DomEventsEngine.test.ts(408,24): error TS18048: 'rootRule' is possibly 'undefined'.
test/unit/component-core/engine/DomEventsEngine.test.ts(410,24): error TS18048: 'saveRule' is possibly 'undefined'.
test/unit/component-core/engine/DomEventsEngine.test.ts(587,44): error TS2341: Property '_matchPath' is private and only accessible within class 'DomEventsEngine'.
test/unit/component-core/engine/DomEventsEngine.test.ts(594,44): error TS2341: Property '_matchPath' is private and only accessible within class 'DomEventsEngine'.
test/unit/component-core/engine/DomEventsEngine.test.ts(601,44): error TS2341: Property '_matchPath' is private and only accessible within class 'DomEventsEngine'.
test/unit/component-core/engine/DomEventsEngine.test.ts(608,48): error TS2341: Property '_matchPath' is private and only accessible within class 'DomEventsEngine'.
test/unit/component-core/engine/DomEventsEngine.test.ts(615,48): error TS2341: Property '_matchPath' is private and only accessible within class 'DomEventsEngine'.
test/unit/component-core/engine/DomEventsEngine.test.ts(626,48): error TS2341: Property '_matchPath' is private and only accessible within class 'DomEventsEngine'.
test/unit/component-core/engine/DomEventsEngine.test.ts(634,48): error TS2341: Property '_matchPath' is private and only accessible within class 'DomEventsEngine'.
test/unit/component-core/engine/DomEventsEngine.test.ts(646,48): error TS2341: Property '_matchPath' is private and only accessible within class 'DomEventsEngine'.
test/unit/component-core/engine/DomEventsEngine.test.ts(658,48): error TS2341: Property '_matchPath' is private and only accessible within class 'DomEventsEngine'.
test/unit/component-core/engine/DomEventsEngine.test.ts(666,48): error TS2341: Property '_matchPath' is private and only accessible within class 'DomEventsEngine'.
test/unit/component-core/engine/DomEventsEngine.test.ts(674,48): error TS2341: Property '_matchPath' is private and only accessible within class 'DomEventsEngine'.
test/unit/component-core/engine/DomEventsEngine.test.ts(766,29): error TS2341: Property '_invokeHandler' is private and only accessible within class 'DomEventsEngine'.
test/unit/component-core/engine/DomEventsEngine.test.ts(782,29): error TS2341: Property '_invokeHandler' is private and only accessible within class 'DomEventsEngine'.
test/unit/component-core/engine/DomEventsEngine.test.ts(798,29): error TS2341: Property '_invokeHandler' is private and only accessible within class 'DomEventsEngine'.
test/unit/component-core/engine/DomEventsEngine.test.ts(814,29): error TS2341: Property '_invokeHandler' is private and only accessible within class 'DomEventsEngine'.
test/unit/component-core/engine/DomEventsEngine.test.ts(830,33): error TS2341: Property '_invokeHandler' is private and only accessible within class 'DomEventsEngine'.
test/unit/component-core/engine/ListensEngine.test.ts(280,54): error TS2339: Property 'mock' does not exist on type '(sourceId: string, eventName: string, handler: (data: any) => void) => () => void'.
test/unit/component-core/engine/ListensEngine.test.ts(301,54): error TS2339: Property 'mock' does not exist on type '(sourceId: string, eventName: string, handler: (data: any) => void) => () => void'.
test/unit/component-core/engine/ListensEngine.test.ts(322,54): error TS2339: Property 'mock' does not exist on type '(sourceId: string, eventName: string, handler: (data: any) => void) => () => void'.
test/unit/component-core/engine/ListensEngine.test.ts(339,53): error TS2339: Property 'mock' does not exist on type '(entityKey: string, eventName: string, handler: (data: any) => void) => () => void'.
test/unit/component-core/engine/ListensEngine.test.ts(412,54): error TS2339: Property 'mock' does not exist on type '(sourceId: string, eventName: string, handler: (data: any) => void) => () => void'.
test/unit/component-core/engine/pipeline/step-apply-config.test.ts(61,25): error TS2339: Property '_i18nFields' does not exist on type '{ _rawProps: { hint: string; }; _updateNode: Mock<any, any, any>; }'.
test/unit/component-core/engine/pipeline/step-apply-config.test.ts(72,25): error TS2339: Property '_i18nFields' does not exist on type '{ _rawProps: { title: string; }; title: string; }'.
test/unit/component-core/NodeMapManager.test.ts(33,5): error TS2322: Type '{ html: string; indexPath: NodeIndexPath; exposeNames: string[]; i18nNodes: Array<{ name: string; field?: string; i18nKey: string; }>; permissionNodes?: { ...; }[] | undefined; templateCache: HTMLTemplateElement; }' is not assignable to type 'CompiledTemplateCache'.
  Types of property 'permissionNodes' are incompatible.
    Type '{ name: string; permission: string | boolean; }[] | undefined' is not assignable to type '{ name: string; permission: string | boolean; }[]'.
      Type 'undefined' is not assignable to type '{ name: string; permission: string | boolean; }[]'.
test/unit/component-core/NodeMapManager.test.ts(464,40): error TS2345: Argument of type 'HTMLElement | undefined' is not assignable to parameter of type 'Node | null'.
  Type 'undefined' is not assignable to type 'Node | null'.
test/unit/component-core/NodeMapManager.test.ts(482,40): error TS2345: Argument of type 'HTMLElement | undefined' is not assignable to parameter of type 'Node | null'.
  Type 'undefined' is not assignable to type 'Node | null'.
test/unit/component-core/NodeMapManager.test.ts(667,39): error TS2345: Argument of type 'HTMLElement | undefined' is not assignable to parameter of type 'Node | null'.
  Type 'undefined' is not assignable to type 'Node | null'.
test/unit/component-core/NodeMapManager.test.ts(769,26): error TS2339: Property 'parent' does not exist on type '{ el: HTMLSpanElement; nodeMapMgr: null; }'.
test/unit/component-core/NodeMapManager.test.ts(932,39): error TS2345: Argument of type 'HTMLElement | undefined' is not assignable to parameter of type 'Node | null'.
  Type 'undefined' is not assignable to type 'Node | null'.
test/unit/component-core/NodeMapManager.test.ts(956,40): error TS2345: Argument of type 'HTMLElement | undefined' is not assignable to parameter of type 'Node | null'.
  Type 'undefined' is not assignable to type 'Node | null'.
test/unit/component-core/TemplateRegistrar.test.ts(528,35): error TS2345: Argument of type 'HTMLSpanElement' is not assignable to parameter of type 'NodeMetadata'.
  Property 'name' is missing in type 'HTMLSpanElement' but required in type 'NodeMetadata'.
test/unit/component-core/TemplateRegistrar.test.ts(529,35): error TS2345: Argument of type 'HTMLSpanElement' is not assignable to parameter of type 'NodeMetadata'.
  Property 'name' is missing in type 'HTMLSpanElement' but required in type 'NodeMetadata'.
test/unit/component/button/UploadButtonComponent.test.ts(164,20): error TS18046: 'ctx' is of type 'unknown'.
test/unit/component/button/UploadButtonComponent.test.ts(165,20): error TS18046: 'ctx' is of type 'unknown'.
test/unit/component/button/UploadButtonComponent.test.ts(166,20): error TS18046: 'ctx' is of type 'unknown'.
test/unit/component/button/UploadButtonComponent.test.ts(167,20): error TS18046: 'ctx' is of type 'unknown'.
test/unit/component/button/UploadButtonComponent.test.ts(241,20): error TS18046: 'ctx' is of type 'unknown'.
test/unit/composable/ComposableAbilityInteraction.integration.test.ts(28,31): error TS2459: Module '"@/composable/ComposableBase"' declares 'AbilityDefinition' locally, but it is not exported.
test/unit/composable/ComposableAbilityInteraction.integration.test.ts(110,21): error TS2339: Property 'on' does not exist on type 'TestAbilityManager'.
test/unit/composable/ComposableAbilityInteraction.integration.test.ts(112,21): error TS2339: Property 'emit' does not exist on type 'TestAbilityManager'.
test/unit/composable/ComposableAbilityInteraction.integration.test.ts(124,21): error TS2339: Property 'once' does not exist on type 'TestAbilityManager'.
test/unit/composable/ComposableAbilityInteraction.integration.test.ts(126,21): error TS2339: Property 'emit' does not exist on type 'TestAbilityManager'.
test/unit/composable/ComposableAbilityInteraction.integration.test.ts(130,21): error TS2339: Property 'emit' does not exist on type 'TestAbilityManager'.
test/unit/composable/ComposableAbilityInteraction.integration.test.ts(142,21): error TS2339: Property 'on' does not exist on type 'TestAbilityManager'.
test/unit/composable/ComposableAbilityInteraction.integration.test.ts(143,21): error TS2339: Property 'on' does not exist on type 'TestAbilityManager'.
test/unit/composable/ComposableAbilityInteraction.integration.test.ts(145,21): error TS2339: Property 'emit' does not exist on type 'TestAbilityManager'.
test/unit/composable/ComposableAbilityInteraction.integration.test.ts(206,21): error TS2339: Property 'on' does not exist on type 'TestAbilityManager'.
test/unit/composable/ComposableAbilityInteraction.integration.test.ts(209,21): error TS2339: Property 'emit' does not exist on type 'TestAbilityManager'.
test/unit/composable/ComposableAbilityInteraction.integration.test.ts(232,35): error TS2339: Property 'on' does not exist on type 'TestAbilityManager'.
test/unit/composable/ComposableAbilityInteraction.integration.test.ts(233,35): error TS2339: Property 'emit' does not exist on type 'TestAbilityManager'.
test/unit/composable/ComposableAbilityInteraction.integration.test.ts(234,35): error TS2339: Property 'once' does not exist on type 'TestAbilityManager'.
test/unit/composable/ComposableAbilityInteraction.integration.test.ts(349,21): error TS2339: Property 'on' does not exist on type 'TestAbilityManager'.
test/unit/composable/ComposableAbilityInteraction.integration.test.ts(353,21): error TS2339: Property 'emit' does not exist on type 'TestAbilityManager'.
test/unit/composable/ComposableBase.test.ts(40,31): error TS2459: Module '"@/composable/ComposableBase"' declares 'AbilityDefinition' locally, but it is not exported.
test/unit/composable/ComposableBase.test.ts(47,9): error TS7023: 'get' implicitly has return type 'any' because it does not have a return type annotation and is referenced directly or indirectly in one of its return expressions.
test/unit/composable/ComposableBase.test.ts(48,25): error TS2339: Property '_testValue' does not exist on type '{ get(): any; set(v: string): void; }'.
test/unit/composable/ComposableBase.test.ts(51,18): error TS2339: Property '_testValue' does not exist on type '{ get(): any; set(v: string): void; }'.
test/unit/composable/ComposableBase.test.ts(65,32): error TS2339: Property 'abilityState' does not exist on type '{ get(): any; }'.
test/unit/composable/ComposableBase.test.ts(82,25): error TS2339: Property 'abilityState' does not exist on type '{ get(): any; }'.
test/unit/composable/ComposableIntegration.test.ts(31,31): error TS2459: Module '"@/composable/ComposableBase"' declares 'AbilityDefinition' locally, but it is not exported.
test/unit/composable/ComposableIntegration.test.ts(45,17): error TS7023: 'get' implicitly has return type 'any' because it does not have a return type annotation and is referenced directly or indirectly in one of its return expressions.
test/unit/composable/ComposableIntegration.test.ts(46,37): error TS2339: Property 'label' does not exist on type '{ get(): any; set(v: string): void; }'.
test/unit/composable/ComposableIntegration.test.ts(49,26): error TS2339: Property 'label' does not exist on type '{ get(): any; set(v: string): void; }'.
test/unit/composable/ComposableIntegration.test.ts(275,40): error TS2339: Property 'abilityState' does not exist on type '{ get(): any; }'.
test/unit/drag/DragDispatchCenter.test.ts(172,17): error TS2353: Object literal may only specify known properties, and 'header' does not exist in type '{ body: { el: HTMLDivElement; }; }'.
test/unit/drag/DragDispatchCenter.test.ts(203,33): error TS2339: Property 'dragStart' does not exist on type 'typeof DragEventBus'.
test/unit/drag/DragDispatchCenter.test.ts(215,23): error TS2339: Property 'onBodyDragStart' does not exist on type '{ el: HTMLDivElement; type: string; nodeMap: { body: { el: HTMLDivElement; }; }; onCleanup: Mock<any, any, any>; bind: Mock<any, any, any>; on: Mock<...>; }'.
test/unit/drag/DragDispatchCenter.test.ts(217,30): error TS2339: Property 'onBodyDragStart' does not exist on type '{ el: HTMLDivElement; type: string; nodeMap: { body: { el: HTMLDivElement; }; }; onCleanup: Mock<any, any, any>; bind: Mock<any, any, any>; on: Mock<...>; }'.
test/unit/drag/DragDispatchCenter.test.ts(231,33): error TS2339: Property 'dragStart' does not exist on type 'typeof DragEventBus'.
test/unit/drag/DragDispatchCenter.test.ts(238,23): error TS2339: Property 'onBodyDragMove' does not exist on type '{ el: HTMLDivElement; type: string; nodeMap: { body: { el: HTMLDivElement; }; }; onCleanup: Mock<any, any, any>; bind: Mock<any, any, any>; on: Mock<...>; }'.
test/unit/drag/DragDispatchCenter.test.ts(240,30): error TS2339: Property 'onBodyDragMove' does not exist on type '{ el: HTMLDivElement; type: string; nodeMap: { body: { el: HTMLDivElement; }; }; onCleanup: Mock<any, any, any>; bind: Mock<any, any, any>; on: Mock<...>; }'.
test/unit/drag/DragDispatchCenter.test.ts(247,33): error TS2339: Property 'dragEnd' does not exist on type 'typeof DragEventBus'.
test/unit/drag/DragDispatchCenter.test.ts(252,33): error TS2339: Property 'dragEnd' does not exist on type 'typeof DragEventBus'.
test/unit/drag/DragDispatchCenter.test.ts(262,23): error TS2339: Property 'onBodyDragEnd' does not exist on type '{ el: HTMLDivElement; type: string; nodeMap: { body: { el: HTMLDivElement; }; }; onCleanup: Mock<any, any, any>; bind: Mock<any, any, any>; on: Mock<...>; }'.
test/unit/drag/DragDispatchCenter.test.ts(264,30): error TS2339: Property 'onBodyDragEnd' does not exist on type '{ el: HTMLDivElement; type: string; nodeMap: { body: { el: HTMLDivElement; }; }; onCleanup: Mock<any, any, any>; bind: Mock<any, any, any>; on: Mock<...>; }'.
test/unit/drag/DragDispatchCenter.test.ts(271,33): error TS2339: Property 'dragCancel' does not exist on type 'typeof DragEventBus'.
test/unit/drag/DragDispatchCenter.test.ts(281,23): error TS2339: Property 'onBodyDragCancel' does not exist on type '{ el: HTMLDivElement; type: string; nodeMap: { body: { el: HTMLDivElement; }; }; onCleanup: Mock<any, any, any>; bind: Mock<any, any, any>; on: Mock<...>; }'.
test/unit/drag/DragDispatchCenter.test.ts(283,30): error TS2339: Property 'onBodyDragCancel' does not exist on type '{ el: HTMLDivElement; type: string; nodeMap: { body: { el: HTMLDivElement; }; }; onCleanup: Mock<any, any, any>; bind: Mock<any, any, any>; on: Mock<...>; }'.
test/unit/drag/DragDispatchCenter.test.ts(302,23): error TS2339: Property 'onBodyDragStart' does not exist on type '{ el: HTMLDivElement; type: string; nodeMap: { body: { el: HTMLDivElement; }; }; onCleanup: Mock<any, any, any>; bind: Mock<any, any, any>; on: Mock<...>; }'.
test/unit/drag/DragDispatchCenter.test.ts(307,30): error TS2339: Property 'onBodyDragStart' does not exist on type '{ el: HTMLDivElement; type: string; nodeMap: { body: { el: HTMLDivElement; }; }; onCleanup: Mock<any, any, any>; bind: Mock<any, any, any>; on: Mock<...>; }'.
test/unit/drag/DragDispatchCenter.test.ts(308,33): error TS2339: Property 'dragStart' does not exist on type 'typeof DragEventBus'.
test/unit/drag/DragDispatchCenter.test.ts(375,27): error TS2339: Property 'getActiveDrag' does not exist on type 'typeof DragEventBus'.
test/unit/drag/DragDispatchCenter.test.ts(382,33): error TS2339: Property 'dragEnter' does not exist on type 'typeof DragEventBus'.
test/unit/drag/DragDispatchCenter.test.ts(387,27): error TS2339: Property 'getActiveDrag' does not exist on type 'typeof DragEventBus'.
test/unit/drag/DragDispatchCenter.test.ts(392,33): error TS2339: Property 'dragEnter' does not exist on type 'typeof DragEventBus'.
test/unit/drag/DragDispatchCenter.test.ts(404,27): error TS2339: Property 'getActiveDrag' does not exist on type 'typeof DragEventBus'.
test/unit/drag/DragDispatchCenter.test.ts(412,33): error TS2339: Property 'dragEnter' does not exist on type 'typeof DragEventBus'.
test/unit/drag/DragDispatchCenter.test.ts(423,27): error TS2339: Property 'getActiveDrag' does not exist on type 'typeof DragEventBus'.
test/unit/drag/DragDispatchCenter.test.ts(431,33): error TS2339: Property 'dragEnter' does not exist on type 'typeof DragEventBus'.
test/unit/drag/DragDispatchCenter.test.ts(442,27): error TS2339: Property 'getActiveDrag' does not exist on type 'typeof DragEventBus'.
test/unit/drag/DragDispatchCenter.test.ts(461,27): error TS2339: Property 'getActiveDrag' does not exist on type 'typeof DragEventBus'.
test/unit/drag/DragDispatchCenter.test.ts(470,33): error TS2339: Property 'dragLeave' does not exist on type 'typeof DragEventBus'.
test/unit/drag/DragDispatchCenter.test.ts(482,27): error TS2339: Property 'getActiveDrag' does not exist on type 'typeof DragEventBus'.
test/unit/drag/DragDispatchCenter.test.ts(499,27): error TS2339: Property 'getActiveDrag' does not exist on type 'typeof DragEventBus'.
test/unit/drag/DragDispatchCenter.test.ts(505,33): error TS2339: Property 'dragDrop' does not exist on type 'typeof DragEventBus'.
test/unit/drag/DragDispatchCenter.test.ts(519,27): error TS2339: Property 'getActiveDrag' does not exist on type 'typeof DragEventBus'.
test/unit/drag/DragDispatchCenter.test.ts(539,27): error TS2339: Property 'getActiveDrag' does not exist on type 'typeof DragEventBus'.
test/unit/drag/DragDispatchCenter.test.ts(547,33): error TS2339: Property 'dragDrop' does not exist on type 'typeof DragEventBus'.
test/unit/drag/DragDispatchCenter.test.ts(559,27): error TS2339: Property 'getActiveDrag' does not exist on type 'typeof DragEventBus'.
test/unit/drag/DragDispatchCenter.test.ts(572,27): error TS2339: Property 'getActiveDrag' does not exist on type 'typeof DragEventBus'.
test/unit/drag/DragDispatchCenter.test.ts(586,27): error TS2339: Property 'getActiveDrag' does not exist on type 'typeof DragEventBus'.
test/unit/drag/DragDispatchCenter.test.ts(603,27): error TS2339: Property 'getActiveDrag' does not exist on type 'typeof DragEventBus'.
test/unit/entity/BaseEntityManager.test.ts(244,49): error TS2769: No overload matches this call.
  Overload 1 of 3, '(object: TestBaseEntityManager, method: "logger" | "schema" | "schemaFilters" | "schemaIdType"): SpyInstance<any, unknown[], any>', gave the following error.
    Argument of type '"emitEvent"' is not assignable to parameter of type '"logger" | "schema" | "schemaFilters" | "schemaIdType"'.
  Overload 2 of 3, '(object: TestBaseEntityManager, method: "logger" | "abilityState" | "setAbilityState" | "onCleanup" | "onBeforeDispose" | "onDisposed" | "dispose" | "request" | ... 14 more ... | "_getCompiledSchema"): SpyInstance<...>', gave the following error.
    Argument of type '"emitEvent"' is not assignable to parameter of type '"logger" | "abilityState" | "setAbilityState" | "onCleanup" | "onBeforeDispose" | "onDisposed" | "dispose" | "request" | "schema" | "debounce" | "entityEmit" | "entityOn" | ... 10 more ... | "_getCompiledSchema"'.
test/unit/entity/BaseEntityManager.test.ts(263,49): error TS2769: No overload matches this call.
  Overload 1 of 3, '(object: TestBaseEntityManager, method: "logger" | "schema" | "schemaFilters" | "schemaIdType"): SpyInstance<any, unknown[], any>', gave the following error.
    Argument of type '"emitEvent"' is not assignable to parameter of type '"logger" | "schema" | "schemaFilters" | "schemaIdType"'.
  Overload 2 of 3, '(object: TestBaseEntityManager, method: "logger" | "abilityState" | "setAbilityState" | "onCleanup" | "onBeforeDispose" | "onDisposed" | "dispose" | "request" | ... 14 more ... | "_getCompiledSchema"): SpyInstance<...>', gave the following error.
    Argument of type '"emitEvent"' is not assignable to parameter of type '"logger" | "abilityState" | "setAbilityState" | "onCleanup" | "onBeforeDispose" | "onDisposed" | "dispose" | "request" | "schema" | "debounce" | "entityEmit" | "entityOn" | ... 10 more ... | "_getCompiledSchema"'.
test/unit/entity/CoreEntityManager.test.ts(55,30): error TS2339: Property 'schema' does not exist on type 'ComposableBase'.
test/unit/entity/CoreEntityManager.test.ts(57,41): error TS2339: Property 'schema' does not exist on type 'ComposableBase'.
test/unit/entity/DictionaryManager.test.ts(114,15): error TS2724: '"@/entity/manager/DictionaryManager"' has no exported member named 'DictionaryManagerConfig'. Did you mean 'DictionaryManager'?
test/unit/entity/RemoteToggleAbility.integration.test.ts(174,49): error TS2769: No overload matches this call.
  Overload 1 of 3, '(object: TestToggleManager, method: "idField" | "childrenField" | "logger" | "root" | "idType" | "nameField" | "defaultSort" | "defaultOrder" | "searchFields" | ... 6 more ... | "cacheKey"): SpyInstance<...>', gave the following error.
    Argument of type '"emitEvent"' is not assignable to parameter of type '"idField" | "childrenField" | "logger" | "root" | "idType" | "nameField" | "defaultSort" | "defaultOrder" | "searchFields" | "parentIdField" | "pathField" | "leafField" | "expandedField" | "schemaFilters" | "schemaIdType" | "cacheKey"'.
  Overload 2 of 3, '(object: TestToggleManager, method: "sort" | "filter" | "idField" | "childrenField" | "logger" | "abilityState" | "setAbilityState" | "onCleanup" | "onBeforeDispose" | ... 63 more ... | "_internalToggle"): SpyInstance<...>', gave the following error.
    Argument of type '"emitEvent"' is not assignable to parameter of type '"sort" | "filter" | "idField" | "childrenField" | "logger" | "abilityState" | "setAbilityState" | "onCleanup" | "onBeforeDispose" | "onDisposed" | "dispose" | "get" | "request" | ... 59 more ... | "_internalToggle"'.
test/unit/entity/RemoteToggleAbility.integration.test.ts(247,49): error TS2769: No overload matches this call.
  Overload 1 of 3, '(object: TestToggleManager, method: "idField" | "childrenField" | "logger" | "root" | "idType" | "nameField" | "defaultSort" | "defaultOrder" | "searchFields" | ... 6 more ... | "cacheKey"): SpyInstance<...>', gave the following error.
    Argument of type '"emitEvent"' is not assignable to parameter of type '"idField" | "childrenField" | "logger" | "root" | "idType" | "nameField" | "defaultSort" | "defaultOrder" | "searchFields" | "parentIdField" | "pathField" | "leafField" | "expandedField" | "schemaFilters" | "schemaIdType" | "cacheKey"'.
  Overload 2 of 3, '(object: TestToggleManager, method: "sort" | "filter" | "idField" | "childrenField" | "logger" | "abilityState" | "setAbilityState" | "onCleanup" | "onBeforeDispose" | ... 63 more ... | "_internalToggle"): SpyInstance<...>', gave the following error.
    Argument of type '"emitEvent"' is not assignable to parameter of type '"sort" | "filter" | "idField" | "childrenField" | "logger" | "abilityState" | "setAbilityState" | "onCleanup" | "onBeforeDispose" | "onDisposed" | "dispose" | "get" | "request" | ... 59 more ... | "_internalToggle"'.
test/unit/imperative/ToastManager.test.ts(211,23): error TS2339: Property 'isClosed' does not exist on type 'ToastHandle'.
test/unit/imperative/ToastManager.test.ts(213,23): error TS2339: Property 'isClosed' does not exist on type 'ToastHandle'.
test/unit/imperative/ToastManager.test.ts(227,27): error TS2339: Property 'isClosed' does not exist on type 'ToastHandle'.
test/unit/imperative/ToastManager.test.ts(239,22): error TS2339: Property 'isClosed' does not exist on type 'ToastHandle'.
test/unit/system-abilities/abilities.test.ts(58,21): error TS2339: Property 'eventScope' does not exist on type 'TestEventHost'.
test/unit/system-abilities/abilities.test.ts(63,14): error TS2339: Property 'on' does not exist on type 'TestEventHost'.
test/unit/system-abilities/abilities.test.ts(64,14): error TS2339: Property 'emit' does not exist on type 'TestEventHost'.
test/unit/system-abilities/abilities.test.ts(73,14): error TS2339: Property 'once' does not exist on type 'TestEventHost'.
test/unit/system-abilities/abilities.test.ts(74,14): error TS2339: Property 'emit' does not exist on type 'TestEventHost'.
test/unit/system-abilities/abilities.test.ts(75,14): error TS2339: Property 'emit' does not exist on type 'TestEventHost'.
test/unit/system-abilities/abilities.test.ts(81,14): error TS2339: Property 'on' does not exist on type 'TestEventHost'.
test/unit/system-abilities/abilities.test.ts(82,14): error TS2339: Property 'emit' does not exist on type 'TestEventHost'.
test/unit/system-abilities/abilities.test.ts(120,28): error TS2339: Property 'bind' does not exist on type 'TestDomEventsHost'.
test/unit/system-abilities/abilities.test.ts(125,29): error TS2339: Property 'bind' does not exist on type 'TestDomEventsHost'.
test/unit/system-abilities/abilities.test.ts(132,14): error TS2339: Property 'bind' does not exist on type 'TestDomEventsHost'.
test/unit/system-abilities/abilities.test.ts(133,14): error TS2339: Property 'bind' does not exist on type 'TestDomEventsHost'.
test/unit/system-abilities/abilities.test.ts(138,14): error TS2339: Property 'bind' does not exist on type 'TestDomEventsHost'.
test/unit/system-abilities/abilities.test.ts(167,29): error TS2339: Property 'domainConfig' does not exist on type 'TestDomainHost'.
test/unit/system-abilities/abilities.test.ts(181,30): error TS2339: Property 'domainConfig' does not exist on type 'TestDomainHost'.
test/unit/system-abilities/abilities.test.ts(182,30): error TS2339: Property 'domainConfig' does not exist on type 'TestDomainHost'.
test/unit/system-abilities/abilities.test.ts(193,29): error TS2339: Property 'domainConfig' does not exist on type 'TestDomainHost'.
test/unit/system-abilities/abilities.test.ts(204,29): error TS2339: Property 'domainConfig' does not exist on type 'TestDomainHost'.
test/unit/system-abilities/abilities.test.ts(217,27): error TS2339: Property 'domainConfig' does not exist on type 'TestDomainHost'.
test/unit/table/TableEngine.test.ts(71,5): error TS2322: Type '{ name: string; field: string; title: string; cellType: CellType; format?: ColumnFormat; align: ColumnAlign; ... 13 more ...; headerTpl?: TplNode; }' is not assignable to type 'ColumnMeta'.
  Types of property 'editType' are incompatible.
    Type 'EditType | undefined' is not assignable to type 'EditType'.
      Type 'undefined' is not assignable to type 'EditType'.
test/unit/table/TableEngine.test.ts(260,17): error TS2540: Cannot assign to 'rawColumns' because it is a read-only property.
test/unit/table/TableEngine.test.ts(276,45): error TS2322: Type '{ name: string; title: string; }' is not assignable to type 'HeaderCellConfigOrGroup'.
  Type '{ name: string; title: string; }' is missing the following properties from type 'GroupHeaderCellConfig': childNames, children
test/unit/table/TableEngine.test.ts(357,71): error TS2322: Type '"upper"' is not assignable to type 'ColumnFormat | undefined'.
test/unit/table/TableEngine.test.ts(381,54): error TS2322: Type 'number' is not assignable to type 'string'.
test/unit/table/TableEngine.test.ts(462,55): error TS2322: Type 'number' is not assignable to type 'string'.
test/unit/table/TableEngine.test.ts(515,55): error TS2322: Type 'number' is not assignable to type 'string'.
test/unit/task/hash-task/worker/HashWorker.test.ts(9,10): error TS2305: Module '"@/task/hash-task/worker/HashWorkerProtocol"' has no exported member 'HashWorkerProtocol'.
